<html>
<body>
<pre>
<h1>礦ision Build Log</h1>
<h2>Project:</h2>
C:\Users\Ping\Desktop\STM32F407VET6资料\2，标准例程-库函数版本\实验45 视频播放器实验\USER\VIDEOPLAYER.uvproj
Project File Date:  10/18/2014

<h2>Output:</h2>
Rebuild target 'VIDEOPLAYER'
compiling main.c...
compiling stm32f4xx_it.c...
compiling system_stm32f4xx.c...
compiling led.c...
compiling lcd.c...
compiling key.c...
compiling spi.c...
compiling w25qxx.c...
compiling sdio_sdcard.c...
..\HARDWARE\SDIO\sdio_sdcard.c(1340): warning: C4017W: status may be used before being set
..\HARDWARE\SDIO\sdio_sdcard.c(1272): warning: C4017W: status may be used before being set
compiling myiic.c...
compiling 24cxx.c...
compiling i2s.c...
compiling wm8978.c...
compiling timer.c...
compiling delay.c...
compiling sys.c...
compiling usart.c...
assembling startup_stm32f40_41xxx.s...
compiling misc.c...
compiling stm32f4xx_gpio.c...
compiling stm32f4xx_fsmc.c...
compiling stm32f4xx_rcc.c...
compiling stm32f4xx_usart.c...
compiling stm32f4xx_tim.c...
compiling stm32f4xx_syscfg.c...
compiling stm32f4xx_spi.c...
compiling stm32f4xx_sdio.c...
compiling stm32f4xx_dma.c...
compiling malloc.c...
compiling usmart.c...
..\USMART\usmart.c(308): warning: C4017W: res may be used before being set
compiling usmart_config.c...
compiling usmart_str.c...
compiling diskio.c...
compiling ff.c...
compiling exfuns.c...
compiling fattester.c...
compiling mycc936.c...
compiling fontupd.c...
compiling text.c...
compiling wavplay.c...
..\AUDIOCODEC\wav\wavplay.c(226): error:  #20: identifier "KEY2_PRES" is undefined
compiling audioplay.c...
..\APP\audioplay.c(186): error:  #20: identifier "KEY2_PRES" is undefined
compiling videoplayer.c...
..\APP\videoplayer.c(205): error:  #20: identifier "KEY2_PRES" is undefined
..\APP\videoplayer.c(315): error:  #20: identifier "KEY2_PRES" is undefined
compiling avi.c...
compiling mjpeg.c...
..\MJPEG\mjpeg.c(173): warning: C4017W: buffer may be used before being set
compiling jaricom.c...
compiling jcomapi.c...
compiling jutils.c...
compiling jerror.c...
compiling jmemmgr.c...
compiling jdapimin.c...
compiling jdapistd.c...
compiling jdarith.c...
compiling jdmaster.c...
compiling jdinput.c...
compiling jdmarker.c...
compiling jdhuff.c...
compiling jdmainct.c...
compiling jdcoefct.c...
compiling jdpostct.c...
compiling jddctmgr.c...
compiling jidctfst.c...
compiling jidctflt.c...
compiling jidctint.c...
compiling jdsample.c...
compiling jdcolor.c...
compiling jquant2.c...
compiling jquant1.c...
compiling jdmerge.c...
compiling jmemnobs.c...
compiling wrppm.c...
"..\OBJ\VIDEOPLAYER.axf" - 4 Errors, 4 Warning(s).
Target not created
Build target 'VIDEOPLAYER'
compiling main.c...
..\USER\stm32f4xx.h(89): warning:  #47-D: incompatible redefinition of macro "STM32F40_41xxx"
compiling stm32f4xx_it.c...
stm32f4xx.h(89): warning:  #47-D: incompatible redefinition of macro "STM32F40_41xxx"
compiling system_stm32f4xx.c...
stm32f4xx.h(89): warning:  #47-D: incompatible redefinition of macro "STM32F40_41xxx"
compiling led.c...
..\USER\stm32f4xx.h(89): warning:  #47-D: incompatible redefinition of macro "STM32F40_41xxx"
compiling lcd.c...
..\USER\stm32f4xx.h(89): warning:  #47-D: incompatible redefinition of macro "STM32F40_41xxx"
compiling key.c...
..\USER\stm32f4xx.h(89): warning:  #47-D: incompatible redefinition of macro "STM32F40_41xxx"
compiling spi.c...
..\USER\stm32f4xx.h(89): warning:  #47-D: incompatible redefinition of macro "STM32F40_41xxx"
compiling w25qxx.c...
..\USER\stm32f4xx.h(89): warning:  #47-D: incompatible redefinition of macro "STM32F40_41xxx"
compiling sdio_sdcard.c...
..\USER\stm32f4xx.h(89): warning:  #47-D: incompatible redefinition of macro "STM32F40_41xxx"
..\HARDWARE\SDIO\sdio_sdcard.c(1340): warning: C4017W: status may be used before being set
..\HARDWARE\SDIO\sdio_sdcard.c(1272): warning: C4017W: status may be used before being set
compiling myiic.c...
..\USER\stm32f4xx.h(89): warning:  #47-D: incompatible redefinition of macro "STM32F40_41xxx"
compiling 24cxx.c...
..\USER\stm32f4xx.h(89): warning:  #47-D: incompatible redefinition of macro "STM32F40_41xxx"
compiling i2s.c...
..\USER\stm32f4xx.h(89): warning:  #47-D: incompatible redefinition of macro "STM32F40_41xxx"
compiling wm8978.c...
..\USER\stm32f4xx.h(89): warning:  #47-D: incompatible redefinition of macro "STM32F40_41xxx"
compiling timer.c...
..\USER\stm32f4xx.h(89): warning:  #47-D: incompatible redefinition of macro "STM32F40_41xxx"
compiling delay.c...
..\USER\stm32f4xx.h(89): warning:  #47-D: incompatible redefinition of macro "STM32F40_41xxx"
compiling sys.c...
..\USER\stm32f4xx.h(89): warning:  #47-D: incompatible redefinition of macro "STM32F40_41xxx"
compiling usart.c...
..\USER\stm32f4xx.h(89): warning:  #47-D: incompatible redefinition of macro "STM32F40_41xxx"
assembling startup_stm32f40_41xxx.s...
compiling misc.c...
..\USER\stm32f4xx.h(89): warning:  #47-D: incompatible redefinition of macro "STM32F40_41xxx"
compiling stm32f4xx_gpio.c...
..\USER\stm32f4xx.h(89): warning:  #47-D: incompatible redefinition of macro "STM32F40_41xxx"
compiling stm32f4xx_fsmc.c...
..\USER\stm32f4xx.h(89): warning:  #47-D: incompatible redefinition of macro "STM32F40_41xxx"
compiling stm32f4xx_rcc.c...
..\USER\stm32f4xx.h(89): warning:  #47-D: incompatible redefinition of macro "STM32F40_41xxx"
compiling stm32f4xx_usart.c...
..\USER\stm32f4xx.h(89): warning:  #47-D: incompatible redefinition of macro "STM32F40_41xxx"
compiling stm32f4xx_tim.c...
..\USER\stm32f4xx.h(89): warning:  #47-D: incompatible redefinition of macro "STM32F40_41xxx"
compiling stm32f4xx_syscfg.c...
..\USER\stm32f4xx.h(89): warning:  #47-D: incompatible redefinition of macro "STM32F40_41xxx"
compiling stm32f4xx_spi.c...
..\USER\stm32f4xx.h(89): warning:  #47-D: incompatible redefinition of macro "STM32F40_41xxx"
compiling stm32f4xx_sdio.c...
..\USER\stm32f4xx.h(89): warning:  #47-D: incompatible redefinition of macro "STM32F40_41xxx"
compiling stm32f4xx_dma.c...
..\USER\stm32f4xx.h(89): warning:  #47-D: incompatible redefinition of macro "STM32F40_41xxx"
compiling malloc.c...
..\USER\stm32f4xx.h(89): warning:  #47-D: incompatible redefinition of macro "STM32F40_41xxx"
compiling usmart.c...
..\USER\stm32f4xx.h(89): warning:  #47-D: incompatible redefinition of macro "STM32F40_41xxx"
..\USMART\usmart.c(308): warning: C4017W: res may be used before being set
compiling usmart_config.c...
..\USER\stm32f4xx.h(89): warning:  #47-D: incompatible redefinition of macro "STM32F40_41xxx"
compiling usmart_str.c...
..\USER\stm32f4xx.h(89): warning:  #47-D: incompatible redefinition of macro "STM32F40_41xxx"
compiling diskio.c...
..\USER\stm32f4xx.h(89): warning:  #47-D: incompatible redefinition of macro "STM32F40_41xxx"
compiling ff.c...
compiling exfuns.c...
..\USER\stm32f4xx.h(89): warning:  #47-D: incompatible redefinition of macro "STM32F40_41xxx"
compiling fattester.c...
..\USER\stm32f4xx.h(89): warning:  #47-D: incompatible redefinition of macro "STM32F40_41xxx"
compiling mycc936.c...
..\USER\stm32f4xx.h(89): warning:  #47-D: incompatible redefinition of macro "STM32F40_41xxx"
compiling fontupd.c...
..\USER\stm32f4xx.h(89): warning:  #47-D: incompatible redefinition of macro "STM32F40_41xxx"
compiling text.c...
..\USER\stm32f4xx.h(89): warning:  #47-D: incompatible redefinition of macro "STM32F40_41xxx"
compiling wavplay.c...
..\USER\stm32f4xx.h(89): warning:  #47-D: incompatible redefinition of macro "STM32F40_41xxx"
..\AUDIOCODEC\wav\wavplay.c(226): error:  #20: identifier "KEY2_PRES" is undefined
compiling audioplay.c...
..\USER\stm32f4xx.h(89): warning:  #47-D: incompatible redefinition of macro "STM32F40_41xxx"
..\APP\audioplay.c(186): error:  #20: identifier "KEY2_PRES" is undefined
compiling videoplayer.c...
..\USER\stm32f4xx.h(89): warning:  #47-D: incompatible redefinition of macro "STM32F40_41xxx"
..\APP\videoplayer.c(205): error:  #20: identifier "KEY2_PRES" is undefined
..\APP\videoplayer.c(315): error:  #20: identifier "KEY2_PRES" is undefined
compiling avi.c...
..\USER\stm32f4xx.h(89): warning:  #47-D: incompatible redefinition of macro "STM32F40_41xxx"
compiling mjpeg.c...
..\USER\stm32f4xx.h(89): warning:  #47-D: incompatible redefinition of macro "STM32F40_41xxx"
..\MJPEG\mjpeg.c(173): warning: C4017W: buffer may be used before being set
compiling jaricom.c...
compiling jcomapi.c...
compiling jutils.c...
compiling jerror.c...
compiling jmemmgr.c...
compiling jdapimin.c...
compiling jdapistd.c...
compiling jdarith.c...
compiling jdmaster.c...
compiling jdinput.c...
compiling jdmarker.c...
compiling jdhuff.c...
compiling jdmainct.c...
compiling jdcoefct.c...
compiling jdpostct.c...
compiling jddctmgr.c...
compiling jidctfst.c...
compiling jidctflt.c...
compiling jidctint.c...
compiling jdsample.c...
compiling jdcolor.c...
compiling jquant2.c...
compiling jquant1.c...
compiling jdmerge.c...
..\USER\stm32f4xx.h(89): warning:  #47-D: incompatible redefinition of macro "STM32F40_41xxx"
compiling jmemnobs.c...
..\USER\stm32f4xx.h(89): warning:  #47-D: incompatible redefinition of macro "STM32F40_41xxx"
compiling wrppm.c...
"..\OBJ\VIDEOPLAYER.axf" - 4 Errors, 48 Warning(s).
Target not created
Build target 'VIDEOPLAYER'
compiling main.c...
..\USER\stm32f4xx.h(89): warning:  #47-D: incompatible redefinition of macro "STM32F40_41xxx"
compiling key.c...
..\USER\stm32f4xx.h(89): warning:  #47-D: incompatible redefinition of macro "STM32F40_41xxx"
compiling wavplay.c...
..\USER\stm32f4xx.h(89): warning:  #47-D: incompatible redefinition of macro "STM32F40_41xxx"
compiling audioplay.c...
..\USER\stm32f4xx.h(89): warning:  #47-D: incompatible redefinition of macro "STM32F40_41xxx"
compiling videoplayer.c...
..\USER\stm32f4xx.h(89): warning:  #47-D: incompatible redefinition of macro "STM32F40_41xxx"
..\APP\videoplayer.c(234): warning: C4017W: i2ssavebuf may be used before being set
linking...
Program Size: Code=121600 RO-data=17128 RW-data=680 ZI-data=1225840  
FromELF: creating hex file...
"..\OBJ\VIDEOPLAYER.axf" - 0 Errors, 6 Warning(s).
Load "..\\OBJ\\VIDEOPLAYER.axf" 
Erase Done.
Programming Done.
Verify OK.
Build target 'VIDEOPLAYER'
compiling main.c...
..\USER\stm32f4xx.h(89): warning:  #47-D: incompatible redefinition of macro "STM32F40_41xxx"
compiling led.c...
..\USER\stm32f4xx.h(89): warning:  #47-D: incompatible redefinition of macro "STM32F40_41xxx"
compiling lcd.c...
..\USER\stm32f4xx.h(89): warning:  #47-D: incompatible redefinition of macro "STM32F40_41xxx"
compiling key.c...
..\USER\stm32f4xx.h(89): warning:  #47-D: incompatible redefinition of macro "STM32F40_41xxx"
compiling spi.c...
..\USER\stm32f4xx.h(89): warning:  #47-D: incompatible redefinition of macro "STM32F40_41xxx"
compiling w25qxx.c...
..\USER\stm32f4xx.h(89): warning:  #47-D: incompatible redefinition of macro "STM32F40_41xxx"
compiling sdio_sdcard.c...
..\USER\stm32f4xx.h(89): warning:  #47-D: incompatible redefinition of macro "STM32F40_41xxx"
..\HARDWARE\SDIO\sdio_sdcard.c(1340): warning: C4017W: status may be used before being set
..\HARDWARE\SDIO\sdio_sdcard.c(1272): warning: C4017W: status may be used before being set
compiling myiic.c...
..\USER\stm32f4xx.h(89): warning:  #47-D: incompatible redefinition of macro "STM32F40_41xxx"
compiling 24cxx.c...
..\USER\stm32f4xx.h(89): warning:  #47-D: incompatible redefinition of macro "STM32F40_41xxx"
compiling i2s.c...
..\USER\stm32f4xx.h(89): warning:  #47-D: incompatible redefinition of macro "STM32F40_41xxx"
compiling wm8978.c...
..\USER\stm32f4xx.h(89): warning:  #47-D: incompatible redefinition of macro "STM32F40_41xxx"
compiling timer.c...
..\USER\stm32f4xx.h(89): warning:  #47-D: incompatible redefinition of macro "STM32F40_41xxx"
compiling delay.c...
..\USER\stm32f4xx.h(89): warning:  #47-D: incompatible redefinition of macro "STM32F40_41xxx"
compiling sys.c...
..\USER\stm32f4xx.h(89): warning:  #47-D: incompatible redefinition of macro "STM32F40_41xxx"
compiling usart.c...
..\USER\stm32f4xx.h(89): warning:  #47-D: incompatible redefinition of macro "STM32F40_41xxx"
compiling malloc.c...
..\USER\stm32f4xx.h(89): warning:  #47-D: incompatible redefinition of macro "STM32F40_41xxx"
compiling usmart.c...
..\USER\stm32f4xx.h(89): warning:  #47-D: incompatible redefinition of macro "STM32F40_41xxx"
..\USMART\usmart.c(302): warning: C4017W: res may be used before being set
compiling usmart_config.c...
..\USER\stm32f4xx.h(89): warning:  #47-D: incompatible redefinition of macro "STM32F40_41xxx"
compiling usmart_str.c...
..\USER\stm32f4xx.h(89): warning:  #47-D: incompatible redefinition of macro "STM32F40_41xxx"
compiling diskio.c...
..\USER\stm32f4xx.h(89): warning:  #47-D: incompatible redefinition of macro "STM32F40_41xxx"
compiling exfuns.c...
..\USER\stm32f4xx.h(89): warning:  #47-D: incompatible redefinition of macro "STM32F40_41xxx"
compiling fattester.c...
..\USER\stm32f4xx.h(89): warning:  #47-D: incompatible redefinition of macro "STM32F40_41xxx"
compiling mycc936.c...
..\USER\stm32f4xx.h(89): warning:  #47-D: incompatible redefinition of macro "STM32F40_41xxx"
compiling fontupd.c...
..\USER\stm32f4xx.h(89): warning:  #47-D: incompatible redefinition of macro "STM32F40_41xxx"
compiling text.c...
..\USER\stm32f4xx.h(89): warning:  #47-D: incompatible redefinition of macro "STM32F40_41xxx"
compiling wavplay.c...
..\USER\stm32f4xx.h(89): warning:  #47-D: incompatible redefinition of macro "STM32F40_41xxx"
compiling audioplay.c...
..\USER\stm32f4xx.h(89): warning:  #47-D: incompatible redefinition of macro "STM32F40_41xxx"
compiling videoplayer.c...
..\USER\stm32f4xx.h(89): warning:  #47-D: incompatible redefinition of macro "STM32F40_41xxx"
..\APP\videoplayer.c(228): warning: C4017W: i2ssavebuf may be used before being set
compiling avi.c...
..\USER\stm32f4xx.h(89): warning:  #47-D: incompatible redefinition of macro "STM32F40_41xxx"
compiling mjpeg.c...
..\USER\stm32f4xx.h(89): warning:  #47-D: incompatible redefinition of macro "STM32F40_41xxx"
..\MJPEG\mjpeg.c(167): warning: C4017W: buffer may be used before being set
compiling jdmerge.c...
..\USER\stm32f4xx.h(89): warning:  #47-D: incompatible redefinition of macro "STM32F40_41xxx"
compiling jmemnobs.c...
..\USER\stm32f4xx.h(89): warning:  #47-D: incompatible redefinition of macro "STM32F40_41xxx"
linking...
Program Size: Code=121600 RO-data=17128 RW-data=680 ZI-data=1225840  
FromELF: creating hex file...
"..\OBJ\VIDEOPLAYER.axf" - 0 Errors, 37 Warning(s).
Rebuild target 'VIDEOPLAYER'
compiling main.c...
..\USER\stm32f4xx.h(89): warning:  #47-D: incompatible redefinition of macro "STM32F40_41xxx"
compiling stm32f4xx_it.c...
stm32f4xx.h(89): warning:  #47-D: incompatible redefinition of macro "STM32F40_41xxx"
compiling system_stm32f4xx.c...
stm32f4xx.h(89): warning:  #47-D: incompatible redefinition of macro "STM32F40_41xxx"
compiling led.c...
..\USER\stm32f4xx.h(89): warning:  #47-D: incompatible redefinition of macro "STM32F40_41xxx"
compiling lcd.c...
..\USER\stm32f4xx.h(89): warning:  #47-D: incompatible redefinition of macro "STM32F40_41xxx"
compiling key.c...
..\USER\stm32f4xx.h(89): warning:  #47-D: incompatible redefinition of macro "STM32F40_41xxx"
compiling spi.c...
..\USER\stm32f4xx.h(89): warning:  #47-D: incompatible redefinition of macro "STM32F40_41xxx"
compiling w25qxx.c...
..\USER\stm32f4xx.h(89): warning:  #47-D: incompatible redefinition of macro "STM32F40_41xxx"
compiling sdio_sdcard.c...
..\USER\stm32f4xx.h(89): warning:  #47-D: incompatible redefinition of macro "STM32F40_41xxx"
..\HARDWARE\SDIO\sdio_sdcard.c(1340): warning: C4017W: status may be used before being set
..\HARDWARE\SDIO\sdio_sdcard.c(1272): warning: C4017W: status may be used before being set
compiling myiic.c...
..\USER\stm32f4xx.h(89): warning:  #47-D: incompatible redefinition of macro "STM32F40_41xxx"
compiling 24cxx.c...
..\USER\stm32f4xx.h(89): warning:  #47-D: incompatible redefinition of macro "STM32F40_41xxx"
compiling i2s.c...
..\USER\stm32f4xx.h(89): warning:  #47-D: incompatible redefinition of macro "STM32F40_41xxx"
compiling wm8978.c...
..\USER\stm32f4xx.h(89): warning:  #47-D: incompatible redefinition of macro "STM32F40_41xxx"
compiling timer.c...
..\USER\stm32f4xx.h(89): warning:  #47-D: incompatible redefinition of macro "STM32F40_41xxx"
compiling delay.c...
..\USER\stm32f4xx.h(89): warning:  #47-D: incompatible redefinition of macro "STM32F40_41xxx"
compiling sys.c...
..\USER\stm32f4xx.h(89): warning:  #47-D: incompatible redefinition of macro "STM32F40_41xxx"
compiling usart.c...
..\USER\stm32f4xx.h(89): warning:  #47-D: incompatible redefinition of macro "STM32F40_41xxx"
assembling startup_stm32f40_41xxx.s...
compiling misc.c...
..\USER\stm32f4xx.h(89): warning:  #47-D: incompatible redefinition of macro "STM32F40_41xxx"
compiling stm32f4xx_gpio.c...
..\USER\stm32f4xx.h(89): warning:  #47-D: incompatible redefinition of macro "STM32F40_41xxx"
compiling stm32f4xx_fsmc.c...
..\USER\stm32f4xx.h(89): warning:  #47-D: incompatible redefinition of macro "STM32F40_41xxx"
compiling stm32f4xx_rcc.c...
..\USER\stm32f4xx.h(89): warning:  #47-D: incompatible redefinition of macro "STM32F40_41xxx"
compiling stm32f4xx_usart.c...
..\USER\stm32f4xx.h(89): warning:  #47-D: incompatible redefinition of macro "STM32F40_41xxx"
compiling stm32f4xx_tim.c...
..\USER\stm32f4xx.h(89): warning:  #47-D: incompatible redefinition of macro "STM32F40_41xxx"
compiling stm32f4xx_syscfg.c...
..\USER\stm32f4xx.h(89): warning:  #47-D: incompatible redefinition of macro "STM32F40_41xxx"
compiling stm32f4xx_spi.c...
..\USER\stm32f4xx.h(89): warning:  #47-D: incompatible redefinition of macro "STM32F40_41xxx"
compiling stm32f4xx_sdio.c...
..\USER\stm32f4xx.h(89): warning:  #47-D: incompatible redefinition of macro "STM32F40_41xxx"
compiling stm32f4xx_dma.c...
..\USER\stm32f4xx.h(89): warning:  #47-D: incompatible redefinition of macro "STM32F40_41xxx"
compiling malloc.c...
..\USER\stm32f4xx.h(89): warning:  #47-D: incompatible redefinition of macro "STM32F40_41xxx"
compiling usmart.c...
..\USER\stm32f4xx.h(89): warning:  #47-D: incompatible redefinition of macro "STM32F40_41xxx"
..\USMART\usmart.c(302): warning: C4017W: res may be used before being set
compiling usmart_config.c...
..\USER\stm32f4xx.h(89): warning:  #47-D: incompatible redefinition of macro "STM32F40_41xxx"
compiling usmart_str.c...
..\USER\stm32f4xx.h(89): warning:  #47-D: incompatible redefinition of macro "STM32F40_41xxx"
compiling diskio.c...
..\USER\stm32f4xx.h(89): warning:  #47-D: incompatible redefinition of macro "STM32F40_41xxx"
compiling ff.c...
compiling exfuns.c...
..\USER\stm32f4xx.h(89): warning:  #47-D: incompatible redefinition of macro "STM32F40_41xxx"
compiling fattester.c...
..\USER\stm32f4xx.h(89): warning:  #47-D: incompatible redefinition of macro "STM32F40_41xxx"
compiling mycc936.c...
..\USER\stm32f4xx.h(89): warning:  #47-D: incompatible redefinition of macro "STM32F40_41xxx"
compiling fontupd.c...
..\USER\stm32f4xx.h(89): warning:  #47-D: incompatible redefinition of macro "STM32F40_41xxx"
compiling text.c...
..\USER\stm32f4xx.h(89): warning:  #47-D: incompatible redefinition of macro "STM32F40_41xxx"
compiling wavplay.c...
..\USER\stm32f4xx.h(89): warning:  #47-D: incompatible redefinition of macro "STM32F40_41xxx"
compiling audioplay.c...
..\USER\stm32f4xx.h(89): warning:  #47-D: incompatible redefinition of macro "STM32F40_41xxx"
compiling videoplayer.c...
..\USER\stm32f4xx.h(89): warning:  #47-D: incompatible redefinition of macro "STM32F40_41xxx"
..\APP\videoplayer.c(228): warning: C4017W: i2ssavebuf may be used before being set
compiling avi.c...
..\USER\stm32f4xx.h(89): warning:  #47-D: incompatible redefinition of macro "STM32F40_41xxx"
compiling mjpeg.c...
..\USER\stm32f4xx.h(89): warning:  #47-D: incompatible redefinition of macro "STM32F40_41xxx"
..\MJPEG\mjpeg.c(167): warning: C4017W: buffer may be used before being set
compiling jaricom.c...
compiling jcomapi.c...
compiling jutils.c...
compiling jerror.c...
compiling jmemmgr.c...
compiling jdapimin.c...
compiling jdapistd.c...
compiling jdarith.c...
compiling jdmaster.c...
compiling jdinput.c...
compiling jdmarker.c...
compiling jdhuff.c...
compiling jdmainct.c...
compiling jdcoefct.c...
compiling jdpostct.c...
compiling jddctmgr.c...
compiling jidctfst.c...
compiling jidctflt.c...
compiling jidctint.c...
compiling jdsample.c...
compiling jdcolor.c...
compiling jquant2.c...
compiling jquant1.c...
compiling jdmerge.c...
..\USER\stm32f4xx.h(89): warning:  #47-D: incompatible redefinition of macro "STM32F40_41xxx"
compiling jmemnobs.c...
..\USER\stm32f4xx.h(89): warning:  #47-D: incompatible redefinition of macro "STM32F40_41xxx"
compiling wrppm.c...
linking...
Program Size: Code=121600 RO-data=17128 RW-data=680 ZI-data=1225840  
FromELF: creating hex file...
"..\OBJ\VIDEOPLAYER.axf" - 0 Errors, 49 Warning(s).
Rebuild target 'VIDEOPLAYER'
compiling main.c...
..\USER\stm32f4xx.h(89): warning:  #47-D: incompatible redefinition of macro "STM32F40_41xxx"
compiling stm32f4xx_it.c...
stm32f4xx.h(89): warning:  #47-D: incompatible redefinition of macro "STM32F40_41xxx"
compiling system_stm32f4xx.c...
stm32f4xx.h(89): warning:  #47-D: incompatible redefinition of macro "STM32F40_41xxx"
compiling led.c...
..\USER\stm32f4xx.h(89): warning:  #47-D: incompatible redefinition of macro "STM32F40_41xxx"
compiling lcd.c...
..\USER\stm32f4xx.h(89): warning:  #47-D: incompatible redefinition of macro "STM32F40_41xxx"
compiling key.c...
..\USER\stm32f4xx.h(89): warning:  #47-D: incompatible redefinition of macro "STM32F40_41xxx"
compiling spi.c...
..\USER\stm32f4xx.h(89): warning:  #47-D: incompatible redefinition of macro "STM32F40_41xxx"
compiling w25qxx.c...
..\USER\stm32f4xx.h(89): warning:  #47-D: incompatible redefinition of macro "STM32F40_41xxx"
compiling sdio_sdcard.c...
..\USER\stm32f4xx.h(89): warning:  #47-D: incompatible redefinition of macro "STM32F40_41xxx"
..\HARDWARE\SDIO\sdio_sdcard.c(1340): warning: C4017W: status may be used before being set
..\HARDWARE\SDIO\sdio_sdcard.c(1272): warning: C4017W: status may be used before being set
compiling myiic.c...
..\USER\stm32f4xx.h(89): warning:  #47-D: incompatible redefinition of macro "STM32F40_41xxx"
compiling 24cxx.c...
..\USER\stm32f4xx.h(89): warning:  #47-D: incompatible redefinition of macro "STM32F40_41xxx"
compiling i2s.c...
..\USER\stm32f4xx.h(89): warning:  #47-D: incompatible redefinition of macro "STM32F40_41xxx"
compiling wm8978.c...
..\USER\stm32f4xx.h(89): warning:  #47-D: incompatible redefinition of macro "STM32F40_41xxx"
compiling timer.c...
..\USER\stm32f4xx.h(89): warning:  #47-D: incompatible redefinition of macro "STM32F40_41xxx"
compiling delay.c...
..\USER\stm32f4xx.h(89): warning:  #47-D: incompatible redefinition of macro "STM32F40_41xxx"
compiling sys.c...
..\USER\stm32f4xx.h(89): warning:  #47-D: incompatible redefinition of macro "STM32F40_41xxx"
compiling usart.c...
..\USER\stm32f4xx.h(89): warning:  #47-D: incompatible redefinition of macro "STM32F40_41xxx"
assembling startup_stm32f40_41xxx.s...
compiling misc.c...
..\USER\stm32f4xx.h(89): warning:  #47-D: incompatible redefinition of macro "STM32F40_41xxx"
compiling stm32f4xx_gpio.c...
..\USER\stm32f4xx.h(89): warning:  #47-D: incompatible redefinition of macro "STM32F40_41xxx"
compiling stm32f4xx_fsmc.c...
..\USER\stm32f4xx.h(89): warning:  #47-D: incompatible redefinition of macro "STM32F40_41xxx"
compiling stm32f4xx_rcc.c...
..\USER\stm32f4xx.h(89): warning:  #47-D: incompatible redefinition of macro "STM32F40_41xxx"
compiling stm32f4xx_usart.c...
..\USER\stm32f4xx.h(89): warning:  #47-D: incompatible redefinition of macro "STM32F40_41xxx"
compiling stm32f4xx_tim.c...
..\USER\stm32f4xx.h(89): warning:  #47-D: incompatible redefinition of macro "STM32F40_41xxx"
compiling stm32f4xx_syscfg.c...
..\USER\stm32f4xx.h(89): warning:  #47-D: incompatible redefinition of macro "STM32F40_41xxx"
compiling stm32f4xx_spi.c...
..\USER\stm32f4xx.h(89): warning:  #47-D: incompatible redefinition of macro "STM32F40_41xxx"
compiling stm32f4xx_sdio.c...
..\USER\stm32f4xx.h(89): warning:  #47-D: incompatible redefinition of macro "STM32F40_41xxx"
compiling stm32f4xx_dma.c...
..\USER\stm32f4xx.h(89): warning:  #47-D: incompatible redefinition of macro "STM32F40_41xxx"
compiling malloc.c...
..\USER\stm32f4xx.h(89): warning:  #47-D: incompatible redefinition of macro "STM32F40_41xxx"
compiling usmart.c...
..\USER\stm32f4xx.h(89): warning:  #47-D: incompatible redefinition of macro "STM32F40_41xxx"
..\USMART\usmart.c(302): warning: C4017W: res may be used before being set
compiling usmart_config.c...
..\USER\stm32f4xx.h(89): warning:  #47-D: incompatible redefinition of macro "STM32F40_41xxx"
compiling usmart_str.c...
..\USER\stm32f4xx.h(89): warning:  #47-D: incompatible redefinition of macro "STM32F40_41xxx"
compiling diskio.c...
..\USER\stm32f4xx.h(89): warning:  #47-D: incompatible redefinition of macro "STM32F40_41xxx"
compiling ff.c...
compiling exfuns.c...
..\USER\stm32f4xx.h(89): warning:  #47-D: incompatible redefinition of macro "STM32F40_41xxx"
compiling fattester.c...
..\USER\stm32f4xx.h(89): warning:  #47-D: incompatible redefinition of macro "STM32F40_41xxx"
compiling mycc936.c...
..\USER\stm32f4xx.h(89): warning:  #47-D: incompatible redefinition of macro "STM32F40_41xxx"
compiling fontupd.c...
..\USER\stm32f4xx.h(89): warning:  #47-D: incompatible redefinition of macro "STM32F40_41xxx"
compiling text.c...
..\USER\stm32f4xx.h(89): warning:  #47-D: incompatible redefinition of macro "STM32F40_41xxx"
compiling wavplay.c...
..\USER\stm32f4xx.h(89): warning:  #47-D: incompatible redefinition of macro "STM32F40_41xxx"
compiling audioplay.c...
..\USER\stm32f4xx.h(89): warning:  #47-D: incompatible redefinition of macro "STM32F40_41xxx"
compiling videoplayer.c...
..\USER\stm32f4xx.h(89): warning:  #47-D: incompatible redefinition of macro "STM32F40_41xxx"
..\APP\videoplayer.c(228): warning: C4017W: i2ssavebuf may be used before being set
compiling avi.c...
..\USER\stm32f4xx.h(89): warning:  #47-D: incompatible redefinition of macro "STM32F40_41xxx"
compiling mjpeg.c...
..\USER\stm32f4xx.h(89): warning:  #47-D: incompatible redefinition of macro "STM32F40_41xxx"
..\MJPEG\mjpeg.c(167): warning: C4017W: buffer may be used before being set
compiling jaricom.c...
compiling jcomapi.c...
compiling jutils.c...
compiling jerror.c...
compiling jmemmgr.c...
compiling jdapimin.c...
compiling jdapistd.c...
compiling jdarith.c...
compiling jdmaster.c...
compiling jdinput.c...
compiling jdmarker.c...
compiling jdhuff.c...
compiling jdmainct.c...
compiling jdcoefct.c...
compiling jdpostct.c...
compiling jddctmgr.c...
compiling jidctfst.c...
compiling jidctflt.c...
compiling jidctint.c...
compiling jdsample.c...
compiling jdcolor.c...
compiling jquant2.c...
compiling jquant1.c...
compiling jdmerge.c...
..\USER\stm32f4xx.h(89): warning:  #47-D: incompatible redefinition of macro "STM32F40_41xxx"
compiling jmemnobs.c...
..\USER\stm32f4xx.h(89): warning:  #47-D: incompatible redefinition of macro "STM32F40_41xxx"
compiling wrppm.c...
linking...
Program Size: Code=121600 RO-data=17128 RW-data=680 ZI-data=1225840  
FromELF: creating hex file...
"..\OBJ\VIDEOPLAYER.axf" - 0 Errors, 49 Warning(s).
