<html>
<body>
<pre>
<h1>礦ision Build Log</h1>
<h2>Project:</h2>
C:\Users\Ping\Desktop\STM32F407VET6资料\2，标准例程-库函数版本\实验15 RTC实时时钟实验\USER\RTC.uvproj
Project File Date:  10/15/2014

<h2>Output:</h2>
Build target 'RTC'
compiling main.c...
compiling stm32f4xx_it.c...
compiling system_stm32f4xx.c...
compiling led.c...
compiling lcd.c...
compiling rtc.c...
compiling delay.c...
compiling sys.c...
compiling usart.c...
assembling startup_stm32f40_41xxx.s...
compiling misc.c...
compiling stm32f4xx_gpio.c...
compiling stm32f4xx_fsmc.c...
compiling stm32f4xx_rcc.c...
compiling stm32f4xx_syscfg.c...
compiling stm32f4xx_usart.c...
compiling stm32f4xx_rtc.c...
compiling stm32f4xx_tim.c...
compiling stm32f4xx_exti.c...
compiling stm32f4xx_pwr.c...
compiling usmart.c...
compiling usmart_config.c...
compiling usmart_str.c...
linking...
Program Size: Code=39124 RO-data=6912 RW-data=392 ZI-data=1848  
FromELF: creating hex file...
"..\OBJ\RTC.axf" - 0 Errors, 0 Warning(s).
Load "..\\OBJ\\RTC.axf" 
Erase Done.
Programming Done.
Verify OK.
