<html>
<body>
<pre>
<h1>礦ision Build Log</h1>
<h2>Project:</h2>
C:\Users\Ping\Desktop\STM32F407VET6资料\2，标准例程-库函数版本\实验46 FPU测试(Julia分形)实验\实验46_1 FPU测试(Julia分形)实验_开启硬件FPU\USER\FPU_TEST.uvproj
Project File Date:  09/02/2015

<h2>Output:</h2>
Build target 'FPU_TEST'
compiling main.c...
..\USER\stm32f4xx.h(89): warning:  #47-D: incompatible redefinition of macro "STM32F40_41xxx"
linking...
Program Size: Code=34724 RO-data=6820 RW-data=64 ZI-data=2104  
FromELF: creating hex file...
"..\OBJ\FPU_TEST.axf" - 0 Errors, 1 Warning(s).
Build target 'FPU_TEST'
linking...
Program Size: Code=34724 RO-data=6820 RW-data=64 ZI-data=2104  
FromELF: creating hex file...
"..\OBJ\FPU_TEST.axf" - 0 Errors, 0 Warning(s).
Load "..\\OBJ\\FPU_TEST.axf" 
Erase Done.
Programming Done.
Verify OK.
