ARM Linker, 5.03 [Build 76] [MDK-ARM Standard]

==============================================================================

Section Cross References

    main.o(.text) refers to os_time.o(.text) for OSTimeDlyHMSM
    main.o(.text) refers to gui_touch_driveranalog.o(i.GUI_TOUCH_Exec) for GUI_TOUCH_Exec
    main.o(.text) refers to color_bar.o(.text) for color_bar_test
    main.o(.text) refers to gui_time.o(i.GUI_Delay) for GUI_Delay
    main.o(.text) refers to stm32f4xx_rcc.o(.text) for RCC_AHB1PeriphClockCmd
    main.o(.text) refers to gui_core.o(i.GUI_Init) for GUI_Init
    main.o(.text) refers to os_core.o(.text) for OSStatInit
    main.o(.text) refers to os_cpu_a.o(.text) for OS_CPU_SR_Save
    main.o(.text) refers to os_task.o(.text) for OSTaskCreate
    main.o(.text) refers to delay.o(.text) for delay_init
    main.o(.text) refers to misc.o(.text) for NVIC_PriorityGroupConfig
    main.o(.text) refers to usart.o(.text) for uart_init
    main.o(.text) refers to ili93xx.o(.text) for TFTLCD_Init
    main.o(.text) refers to touch.o(.text) for TP_Init
    main.o(.text) refers to w25qxx.o(.text) for W25QXX_Init
    main.o(.text) refers to led.o(.text) for LED_Init
    main.o(.text) refers to malloc.o(.text) for mem_init
    main.o(.text) refers to exfuns.o(.text) for exfuns_init
    main.o(.text) refers to ff.o(.text) for f_mount
    main.o(.text) refers to main.o(.bss) for EMWINDEMO_TASK_STK
    main.o(.text) refers to exfuns.o(.data) for fs
    system_stm32f4xx.o(.text) refers to system_stm32f4xx.o(.data) for SystemCoreClock
    led.o(.text) refers to stm32f4xx_rcc.o(.text) for RCC_AHB1PeriphClockCmd
    led.o(.text) refers to stm32f4xx_gpio.o(.text) for GPIO_Init
    ili93xx.o(.text) refers to _printf_percent.o(.ARM.Collect$$_printf_percent$$00000000) for _printf_percent
    ili93xx.o(.text) refers to _printf_x.o(.ARM.Collect$$_printf_percent$$0000000C) for _printf_x
    ili93xx.o(.text) refers to _printf_hex_int.o(.text) for _printf_longlong_hex
    ili93xx.o(.text) refers to delay.o(.text) for delay_us
    ili93xx.o(.text) refers to ili93xx.o(.bss) for lcddev
    ili93xx.o(.text) refers to ili93xx.o(.data) for POINT_COLOR
    ili93xx.o(.text) refers to stm32f4xx_rcc.o(.text) for RCC_AHB1PeriphClockCmd
    ili93xx.o(.text) refers to stm32f4xx_gpio.o(.text) for GPIO_Init
    ili93xx.o(.text) refers to stm32f4xx_fsmc.o(.text) for FSMC_NORSRAMInit
    ili93xx.o(.text) refers to noretval__2printf.o(.text) for __2printf
    ili93xx.o(.text) refers to ili93xx.o(.constdata) for asc2_1206
    sram.o(.text) refers to stm32f4xx_rcc.o(.text) for RCC_AHB1PeriphClockCmd
    sram.o(.text) refers to stm32f4xx_gpio.o(.text) for GPIO_Init
    sram.o(.text) refers to stm32f4xx_fsmc.o(.text) for FSMC_NORSRAMInit
    timer.o(.text) refers to stm32f4xx_rcc.o(.text) for RCC_APB1PeriphClockCmd
    timer.o(.text) refers to stm32f4xx_tim.o(.text) for TIM_TimeBaseInit
    timer.o(.text) refers to misc.o(.text) for NVIC_Init
    timer.o(.text) refers to gui_touch_driveranalog.o(i.GUI_TOUCH_Exec) for GUI_TOUCH_Exec
    24cxx.o(.text) refers to myiic.o(.text) for IIC_Init
    24cxx.o(.text) refers to delay.o(.text) for delay_ms
    myiic.o(.text) refers to stm32f4xx_rcc.o(.text) for RCC_AHB1PeriphClockCmd
    myiic.o(.text) refers to stm32f4xx_gpio.o(.text) for GPIO_Init
    myiic.o(.text) refers to delay.o(.text) for delay_us
    ctiic.o(.text) refers to delay.o(.text) for delay_us
    ctiic.o(.text) refers to stm32f4xx_rcc.o(.text) for RCC_AHB1PeriphClockCmd
    ctiic.o(.text) refers to stm32f4xx_gpio.o(.text) for GPIO_Init
    ott2001a.o(.text) refers to _printf_percent.o(.ARM.Collect$$_printf_percent$$00000000) for _printf_percent
    ott2001a.o(.text) refers to _printf_x.o(.ARM.Collect$$_printf_percent$$0000000C) for _printf_x
    ott2001a.o(.text) refers to _printf_hex_int.o(.text) for _printf_longlong_hex
    ott2001a.o(.text) refers to ctiic.o(.text) for CT_IIC_Start
    ott2001a.o(.text) refers to stm32f4xx_rcc.o(.text) for RCC_AHB1PeriphClockCmd
    ott2001a.o(.text) refers to stm32f4xx_gpio.o(.text) for GPIO_Init
    ott2001a.o(.text) refers to delay.o(.text) for delay_ms
    ott2001a.o(.text) refers to noretval__2printf.o(.text) for __2printf
    ott2001a.o(.text) refers to dflt_clz.o(x$fpl$dflt) for __aeabi_i2d
    ott2001a.o(.text) refers to dmul.o(x$fpl$dmul) for __aeabi_dmul
    ott2001a.o(.text) refers to dfixu.o(x$fpl$dfixu) for __aeabi_d2uiz
    ott2001a.o(.text) refers to daddsub_clz.o(x$fpl$drsb) for __aeabi_drsub
    ott2001a.o(.text) refers to ott2001a.o(.data) for t
    ott2001a.o(.text) refers to touch.o(.data) for tp_dev
    ott2001a.o(.text) refers to ott2001a.o(.constdata) for OTT_TPX_TBL
    touch.o(.text) refers to delay.o(.text) for delay_us
    touch.o(.text) refers to ili93xx.o(.text) for LCD_DrawLine
    touch.o(.text) refers to 24cxx.o(.text) for AT24CXX_WriteLenByte
    touch.o(.text) refers to touch.o(.data) for CMD_RDX
    touch.o(.text) refers to ili93xx.o(.data) for POINT_COLOR
[...]
    0x0801398c   0x000000a8   Code   RO         1344    i.GUI_ALLOC_GetFixedBlock  STemWin522_CM4_OS_Keil.lib(gui_alloc.o)
    0x08013a34   0x00000040   Code   RO         1345    i.GUI_ALLOC_GetMaxSize  STemWin522_CM4_OS_Keil.lib(gui_alloc.o)
    0x08013a74   0x00000010   Code   RO         1351    i.GUI_ALLOC_Lock    STemWin522_CM4_OS_Keil.lib(gui_alloc.o)
    0x08013a84   0x0000001c   Code   RO         1352    i.GUI_ALLOC_LockH   STemWin522_CM4_OS_Keil.lib(gui_alloc.o)
    0x08013aa0   0x00000034   Code   RO         1353    i.GUI_ALLOC_RequestSize  STemWin522_CM4_OS_Keil.lib(gui_alloc.o)
    0x08013ad4   0x0000001c   Code   RO         1354    i.GUI_ALLOC_SetAvBlockSize  STemWin522_CM4_OS_Keil.lib(gui_alloc.o)
    0x08013af0   0x00000010   Code   RO         1356    i.GUI_ALLOC_Unlock  STemWin522_CM4_OS_Keil.lib(gui_alloc.o)
    0x08013b00   0x00000030   Code   RO         1357    i.GUI_ALLOC_UnlockH  STemWin522_CM4_OS_Keil.lib(gui_alloc.o)
    0x08013b30   0x00000018   Code   RO         1358    i.GUI_ALLOC_h2p     STemWin522_CM4_OS_Keil.lib(gui_alloc.o)
    0x08013b48   0x00000078   Code   RO         2339    i.GUI_CURSOR_SetPositionEx  STemWin522_CM4_OS_Keil.lib(gui_curs1.o)
    0x08013bc0   0x00000044   Code   RO         2328    i.GUI_CalcColorDist  STemWin522_CM4_OS_Keil.lib(gui_calccolordist.o)
    0x08013c04   0x0000001c   Code   RO         1408    i.GUI_Clear         STemWin522_CM4_OS_Keil.lib(gui_core.o)
    0x08013c20   0x00000068   Code   RO         1409    i.GUI_ClearRect     STemWin522_CM4_OS_Keil.lib(gui_core.o)
    0x08013c88   0x00000050   Code   RO         1437    i.GUI_DEVICE_Create  STemWin522_CM4_OS_Keil.lib(gui_device.o)
    0x08013cd8   0x00000028   Code   RO         1438    i.GUI_DEVICE_CreateAndLink  STemWin522_CM4_OS_Keil.lib(gui_device.o)
    0x08013d00   0x00000004   Code   RO         1439    i.GUI_DEVICE_Delete  STemWin522_CM4_OS_Keil.lib(gui_device.o)
    0x08013d04   0x00000080   Code   RO         1440    i.GUI_DEVICE_Link   STemWin522_CM4_OS_Keil.lib(gui_device.o)
    0x08013d84   0x00000012   Code   RO         1441    i.GUI_DEVICE_LinkDevices  STemWin522_CM4_OS_Keil.lib(gui_device.o)
    0x08013d96   0x00000004   Code   RO         1442    i.GUI_DEVICE_Unlink  STemWin522_CM4_OS_Keil.lib(gui_device.o)
    0x08013d9a   0x00000002   PAD
    0x08013d9c   0x00000044   Code   RO         1443    i.GUI_DEVICE_UnlinkTaskDevices  STemWin522_CM4_OS_Keil.lib(gui_device.o)
    0x08013de0   0x00000024   Code   RO         1445    i.GUI_DEVICE__GetpDriver  STemWin522_CM4_OS_Keil.lib(gui_device.o)
    0x08013e04   0x00000068   Code   RO         1480    i.GUI_Delay         STemWin522_CM4_OS_Keil.lib(gui_time.o)
    0x08013e6c   0x00000108   Code   RO         2116    i.GUI_DispString    STemWin522_CM4_OS_Keil.lib(gui_dispstring.o)
    0x08013f74   0x00000028   Code   RO         1840    i.GUI_DispStringAt  STemWin522_CM4_OS_Keil.lib(gui_dispstringat.o)
    0x08013f9c   0x00000034   Code   RO         1458    i.GUI_DispStringHCenterAt  STemWin522_CM4_OS_Keil.lib(gui_dispstringhcenter.o)
    0x08013fd0   0x00000008   Code   RO         1460    i.GUI_DispStringInRect  STemWin522_CM4_OS_Keil.lib(gui_dispstringinrect.o)
    0x08013fd8   0x0000004c   Code   RO         1461    i.GUI_DispStringInRectMax  STemWin522_CM4_OS_Keil.lib(gui_dispstringinrect.o)
    0x08014024   0x00000078   Code   RO         1466    i.GUI_DrawGradientH  STemWin522_CM4_OS_Keil.lib(gui_drawgradient.o)
    0x0801409c   0x00000014   Code   RO         1842    i.GUI_Exec          STemWin522_CM4_OS_Keil.lib(gui_exec.o)
    0x080140b0   0x00000020   Code   RO         1843    i.GUI_Exec1         STemWin522_CM4_OS_Keil.lib(gui_exec.o)
    0x080140d0   0x00000016   Code   RO         2767    i.GUI_GetBitmapPixelIndex  STemWin522_CM4_OS_Keil.lib(gui_getbitmappixelindex.o)
    0x080140e6   0x0000008a   Code   RO         2768    i.GUI_GetBitmapPixelIndexEx  STemWin522_CM4_OS_Keil.lib(gui_getbitmappixelindex.o)
    0x08014170   0x00000014   Code   RO         1508    i.GUI_GetBitsPerPixelEx  STemWin522_CM4_OS_Keil.lib(lcd_getex.o)
    0x08014184   0x00000018   Code   RO         1848    i.GUI_GetBkColor    STemWin522_CM4_OS_Keil.lib(gui_getcolor.o)
    0x0801419c   0x00000024   Code   RO         1799    i.GUI_GetCharDistX  STemWin522_CM4_OS_Keil.lib(gui_char.o)
    0x080141c0   0x00000028   Code   RO         1800    i.GUI_GetCharDistXEx  STemWin522_CM4_OS_Keil.lib(gui_char.o)
    0x080141e8   0x0000000a   Code   RO         1846    i.GUI_GetClientRect  STemWin522_CM4_OS_Keil.lib(gui_getclientrect.o)
    0x080141f2   0x00000018   Code   RO         1850    i.GUI_GetColor      STemWin522_CM4_OS_Keil.lib(gui_getcolor.o)
    0x0801420a   0x00000002   PAD
    0x0801420c   0x00000014   Code   RO         2149    i.GUI_GetCursorLayer  STemWin522_CM4_OS_Keil.lib(gui_selectlayer.o)
    0x08014220   0x0000001c   Code   RO         1801    i.GUI_GetFontDistY  STemWin522_CM4_OS_Keil.lib(gui_char.o)
    0x0801423c   0x00000026   Code   RO         2150    i.GUI_GetLayerPosEx  STemWin522_CM4_OS_Keil.lib(gui_selectlayer.o)
    0x08014262   0x0000001a   Code   RO         2364    i.GUI_GetOrg        STemWin522_CM4_OS_Keil.lib(gui_getorg.o)
    0x0801427c   0x0000003c   Code   RO         1802    i.GUI_GetYAdjust    STemWin522_CM4_OS_Keil.lib(gui_char.o)
    0x080142b8   0x00000010   Code   RO         1509    i.GUI_GetpfColor2IndexEx  STemWin522_CM4_OS_Keil.lib(lcd_getex.o)
    0x080142c8   0x00000010   Code   RO         1510    i.GUI_GetpfIndex2ColorEx  STemWin522_CM4_OS_Keil.lib(lcd_getex.o)
    0x080142d8   0x00000022   Code   RO         1857    i.GUI_GotoXY        STemWin522_CM4_OS_Keil.lib(gui_goto.o)
    0x080142fa   0x00000002   PAD
    0x080142fc   0x0000006c   Code   RO         1411    i.GUI_Init          STemWin522_CM4_OS_Keil.lib(gui_core.o)
    0x08014368   0x00000088   Code   RO         1874    i.GUI_Lock          STemWin522_CM4_OS_Keil.lib(gui_task.o)
    0x080143f0   0x00000044   Code   RO         2556    i.GUI_MEMDEV_Clear  STemWin522_CM4_OS_Keil.lib(guidev_clear.o)
    0x08014434   0x0000000c   Code   RO         2206    i.GUI_MEMDEV_CopyToLCD  STemWin522_CM4_OS_Keil.lib(guidev.o)
    0x08014440   0x000000a8   Code   RO         2207    i.GUI_MEMDEV_CopyToLCDAt  STemWin522_CM4_OS_Keil.lib(guidev.o)
    0x080144e8   0x00000080   Code   RO         2209    i.GUI_MEMDEV_CreateEx  STemWin522_CM4_OS_Keil.lib(guidev.o)
    0x08014568   0x00000048   Code   RO         2210    i.GUI_MEMDEV_Delete  STemWin522_CM4_OS_Keil.lib(guidev.o)
    0x080145b0   0x00000124   Code   RO         2226    i.GUI_MEMDEV_Draw   STemWin522_CM4_OS_Keil.lib(guidev_banding.o)
    0x080146d4   0x00000032   Code   RO         2211    i.GUI_MEMDEV_GetBitsPerPixel  STemWin522_CM4_OS_Keil.lib(guidev.o)
    0x08014706   0x00000022   Code   RO         2233    i.GUI_MEMDEV_GetDataPtr  STemWin522_CM4_OS_Keil.lib(guidev_getdataptr.o)
    0x08014728   0x00000034   Code   RO         2566    i.GUI_MEMDEV_GetYSize  STemWin522_CM4_OS_Keil.lib(guidev_getysize.o)
    0x0801475c   0x00000014   Code   RO         2239    i.GUI_MEMDEV_Paint1Static  STemWin522_CM4_OS_Keil.lib(guidev_staticdevices.o)
    0x08014770   0x00000038   Code   RO         2568    i.GUI_MEMDEV_ReduceYSize  STemWin522_CM4_OS_Keil.lib(guidev_reduceysize.o)
    0x080147a8   0x0000005c   Code   RO         2213    i.GUI_MEMDEV_Select  STemWin522_CM4_OS_Keil.lib(guidev.o)
    0x08014804   0x00000064   Code   RO         2570    i.GUI_MEMDEV_SetOrg  STemWin522_CM4_OS_Keil.lib(guidev_setorg.o)
    0x08014868   0x0000000c   Code   RO         2585    i.GUI_MEMDEV_Write  STemWin522_CM4_OS_Keil.lib(guidev_write.o)
    0x08014874   0x00000068   Code   RO         2586    i.GUI_MEMDEV_WriteAt  STemWin522_CM4_OS_Keil.lib(guidev_write.o)
    0x080148dc   0x000000ec   Code   RO         2214    i.GUI_MEMDEV__CreateFixed  STemWin522_CM4_OS_Keil.lib(guidev.o)
    0x080149c8   0x00000118   Code   RO         2756    i.GUI_MEMDEV__WriteToActiveAlpha  STemWin522_CM4_OS_Keil.lib(guidev_writetoactivealpha.o)
    0x08014ae0   0x00000030   Code   RO         2215    i.GUI_MEMDEV__WriteToActiveAt  STemWin522_CM4_OS_Keil.lib(guidev.o)
    0x08014b10   0x0000003c   Code   RO         1977    i.GUI_MEMDEV__WriteToActiveOpaque  STemWin522_CM4_OS_Keil.lib(guidev_writetoactiveopaque.o)
    0x08014b4c   0x00000058   Code   RO         2118    i.GUI_MergeRect     STemWin522_CM4_OS_Keil.lib(gui_mergerect.o)
    0x08014ba4   0x0000001e   Code   RO         2120    i.GUI_MoveRect      STemWin522_CM4_OS_Keil.lib(gui_moverect.o)
    0x08014bc2   0x00000002   PAD
    0x08014bc4   0x0000004c   Code   RO         2377    i.GUI_PID_GetState  STemWin522_CM4_OS_Keil.lib(gui_pid.o)
    0x08014c10   0x00000018   Code   RO         2378    i.GUI_PID_IsEmpty   STemWin522_CM4_OS_Keil.lib(gui_pid.o)
    0x08014c28   0x0000001c   Code   RO         2380    i.GUI_PID_StoreState  STemWin522_CM4_OS_Keil.lib(gui_pid.o)
    0x08014c44   0x00000034   Code   RO         2125    i.GUI_PollKeyMsg    STemWin522_CM4_OS_Keil.lib(gui_onkey.o)
    0x08014c78   0x00000060   Code   RO         2745    i.GUI_ReadRectEx    STemWin522_CM4_OS_Keil.lib(lcd_readrect.o)
    0x08014cd8   0x00000038   Code   RO         2142    i.GUI_RectsIntersect  STemWin522_CM4_OS_Keil.lib(gui_rectsintersect.o)
    0x08014d10   0x00000010   Code   RO         2144    i.GUI_RestoreContext  STemWin522_CM4_OS_Keil.lib(gui_savecontext.o)
    0x08014d20   0x00000022   Code   RO         2653    i.GUI_SPRITE_SetPosition  STemWin522_CM4_OS_Keil.lib(gui_sprite.o)
    0x08014d42   0x00000002   PAD
    0x08014d44   0x00000010   Code   RO         2145    i.GUI_SaveContext_W  STemWin522_CM4_OS_Keil.lib(gui_savecontext.o)
    0x08014d54   0x0000001a   Code   RO         2394    i.GUI_SelectLCD     STemWin522_CM4_OS_Keil.lib(gui_selectlcd.o)
    0x08014d6e   0x00000002   PAD
    0x08014d70   0x00000030   Code   RO         2151    i.GUI_SelectLayer   STemWin522_CM4_OS_Keil.lib(gui_selectlayer.o)
    0x08014da0   0x00000016   Code   RO         1472    i.GUI_SetBkColor    STemWin522_CM4_OS_Keil.lib(gui_setcolor.o)
    0x08014db6   0x00000016   Code   RO         1473    i.GUI_SetColor      STemWin522_CM4_OS_Keil.lib(gui_setcolor.o)
    0x08014dcc   0x0000000c   Code   RO         1412    i.GUI_SetDefaultFont  STemWin522_CM4_OS_Keil.lib(gui_core.o)
    0x08014dd8   0x00000018   Code   RO         2464    i.GUI_SetDrawMode   STemWin522_CM4_OS_Keil.lib(gui_setdrawmode.o)
    0x08014df0   0x00000020   Code   RO         1476    i.GUI_SetFont       STemWin522_CM4_OS_Keil.lib(gui_setfont.o)
    0x08014e10   0x00000020   Code   RO         2153    i.GUI_SetLayerPosEx  STemWin522_CM4_OS_Keil.lib(gui_selectlayer.o)
    0x08014e30   0x0000001c   Code   RO         2466    i.GUI_SetLineStyle  STemWin522_CM4_OS_Keil.lib(gui_setlinestyle.o)
    0x08014e4c   0x00000040   Code   RO         1866    i.GUI_SetOrg        STemWin522_CM4_OS_Keil.lib(gui_setorg.o)
    0x08014e8c   0x0000001c   Code   RO         2371    i.GUI_SetPenSize    STemWin522_CM4_OS_Keil.lib(gui_pen.o)
    0x08014ea8   0x00000020   Code   RO         1868    i.GUI_SetTextAlign  STemWin522_CM4_OS_Keil.lib(gui_settextalign.o)
    0x08014ec8   0x00000020   Code   RO         1478    i.GUI_SetTextMode   STemWin522_CM4_OS_Keil.lib(gui_settextmode.o)
    0x08014ee8   0x00000010   Code   RO         2177    i.GUI_SignalEvent   STemWin522_CM4_OS_Keil.lib(gui_waitevent.o)
    0x08014ef8   0x00000010   Code   RO         2127    i.GUI_StoreKey      STemWin522_CM4_OS_Keil.lib(gui_onkey.o)
    0x08014f08   0x00000026   Code   RO         2469    i.GUI_TIMER_Delete  STemWin522_CM4_OS_Keil.lib(gui_timer.o)
    0x08014f2e   0x00000032   Code   RO         2471    i.GUI_TIMER_GetFlag  STemWin522_CM4_OS_Keil.lib(gui_timer.o)
    0x08014f60   0x00000028   Code   RO         2477    i.GUI_TIMER__GetFirstTimer  STemWin522_CM4_OS_Keil.lib(gui_timer.o)
    0x08014f88   0x00000036   Code   RO         2479    i.GUI_TIMER__GetNextTimerLin  STemWin522_CM4_OS_Keil.lib(gui_timer.o)
    0x08014fbe   0x00000002   PAD
    0x08014fc0   0x000000b0   Code   RO         1484    i.GUI_TOUCH_Calibrate  STemWin522_CM4_OS_Keil.lib(gui_touch_driveranalog.o)
    0x08015070   0x0000015c   Code   RO         1485    i.GUI_TOUCH_Exec    STemWin522_CM4_OS_Keil.lib(gui_touch_driveranalog.o)
    0x080151cc   0x0000000c   Code   RO         1490    i.GUI_TOUCH_SetOrientation  STemWin522_CM4_OS_Keil.lib(gui_touch_driveranalog.o)
    0x080151d8   0x00000024   Code   RO         2170    i.GUI_TOUCH_StoreState  STemWin522_CM4_OS_Keil.lib(gui_touch_storestate.o)
    0x080151fc   0x00000028   Code   RO         2506    i.GUI_TOUCH_StoreStateEx  STemWin522_CM4_OS_Keil.lib(gui_touch.o)
    0x08015224   0x00000030   Code   RO         1886    i.GUI_TOUCH_StoreUnstable  STemWin522_CM4_OS_Keil.lib(gui_touch_storeunstable.o)
    0x08015254   0x0000002c   Code   RO         1894    i.GUI_UC__GetCharCodeInc  STemWin522_CM4_OS_Keil.lib(gui_uc.o)
    0x08015280   0x00000028   Code   RO         1896    i.GUI_UC__NumChars2NumBytes  STemWin522_CM4_OS_Keil.lib(gui_uc.o)
    0x080152a8   0x00000028   Code   RO         1971    i.GUI_USAGE_AddRect  STemWin522_CM4_OS_Keil.lib(guidev_usage.o)
    0x080152d0   0x00000074   Code   RO         2572    i.GUI_USAGE_BM_AddHLine  STemWin522_CM4_OS_Keil.lib(guidev_usagebm.o)
    0x08015344   0x0000002c   Code   RO         2573    i.GUI_USAGE_BM_AddPixel  STemWin522_CM4_OS_Keil.lib(guidev_usagebm.o)
    0x08015370   0x0000000e   Code   RO         2574    i.GUI_USAGE_BM_Clear  STemWin522_CM4_OS_Keil.lib(guidev_usagebm.o)
    0x0801537e   0x00000002   PAD
    0x08015380   0x0000005c   Code   RO         2575    i.GUI_USAGE_BM_Create  STemWin522_CM4_OS_Keil.lib(guidev_usagebm.o)
    0x080153dc   0x000000be   Code   RO         2576    i.GUI_USAGE_BM_GetNextDirty  STemWin522_CM4_OS_Keil.lib(guidev_usagebm.o)
    0x0801549a   0x0000002c   Code   RO         1972    i.GUI_USAGE_DecUseCnt  STemWin522_CM4_OS_Keil.lib(guidev_usage.o)
    0x080154c6   0x00000002   PAD
    0x080154c8   0x00000014   Code   RO         1875    i.GUI_Unlock        STemWin522_CM4_OS_Keil.lib(gui_task.o)
    0x080154dc   0x00000016   Code   RO         2310    i.GUI__AllocAlphaBuffer  STemWin522_CM4_OS_Keil.lib(gui__alpha.o)
    0x080154f2   0x00000002   PAD
    0x080154f4   0x00000024   Code   RO         2397    i.GUI__AlphaSuppressMixing  STemWin522_CM4_OS_Keil.lib(gui_setalpha.o)
    0x08015518   0x00000128   Code   RO         2103    i.GUI__CompactPixelIndices  STemWin522_CM4_OS_Keil.lib(gui__compactpixelindices.o)
    0x08015640   0x00000174   Code   RO         2104    i.GUI__CompactPixelIndicesEx  STemWin522_CM4_OS_Keil.lib(gui__compactpixelindices.o)
    0x080157b4   0x00000034   Code   RO         1414    i.GUI__Config       STemWin522_CM4_OS_Keil.lib(gui_core.o)
    0x080157e8   0x000000b0   Code   RO         1809    i.GUI__DispLine     STemWin522_CM4_OS_Keil.lib(gui_charline.o)
    0x08015898   0x00000144   Code   RO         1462    i.GUI__DispStringInRect  STemWin522_CM4_OS_Keil.lib(gui_dispstringinrect.o)
    0x080159dc   0x000001bc   Code   RO         2311    i.GUI__DoAlphaBlending  STemWin522_CM4_OS_Keil.lib(gui__alpha.o)
    0x08015b98   0x00000140   Code   RO         2635    i.GUI__ExpandPixelIndicesEx  STemWin522_CM4_OS_Keil.lib(gui__expandpixelindices.o)
    0x08015cd8   0x00000090   Code   RO         2312    i.GUI__GetAlphaBuffer  STemWin522_CM4_OS_Keil.lib(gui__alpha.o)
    0x08015d68   0x00000054   Code   RO         1810    i.GUI__GetLineDistX  STemWin522_CM4_OS_Keil.lib(gui_charline.o)
    0x08015dbc   0x00000038   Code   RO         1811    i.GUI__GetLineNumChars  STemWin522_CM4_OS_Keil.lib(gui_charline.o)
    0x08015df4   0x0000001c   Code   RO         2365    i.GUI__GetOrg       STemWin522_CM4_OS_Keil.lib(gui_getorg.o)
    0x08015e10   0x00000018   Code   RO         1812    i.GUI__GetOverlap   STemWin522_CM4_OS_Keil.lib(gui_charline.o)
    0x08015e28   0x00000018   Code   RO         1789    i.GUI__HandleEOLine  STemWin522_CM4_OS_Keil.lib(gui__handleeoline.o)
    0x08015e40   0x0000003a   Code   RO         2107    i.GUI__IntersectRect  STemWin522_CM4_OS_Keil.lib(gui__intersectrect.o)
    0x08015e7a   0x00000052   Code   RO         1791    i.GUI__IntersectRects  STemWin522_CM4_OS_Keil.lib(gui__intersectrects.o)
    0x08015ecc   0x00000010   Code   RO         2109    i.GUI__ManageCache  STemWin522_CM4_OS_Keil.lib(gui__managecache.o)
    0x08015edc   0x000000ac   Code   RO         2110    i.GUI__ManageCacheEx  STemWin522_CM4_OS_Keil.lib(gui__managecache.o)
    0x08015f88   0x00000066   Code   RO         2313    i.GUI__MixColors    STemWin522_CM4_OS_Keil.lib(gui__alpha.o)
    0x08015fee   0x0000004e   Code   RO         2314    i.GUI__MixColorsBulk  STemWin522_CM4_OS_Keil.lib(gui__alpha.o)
    0x0801603c   0x00000010   Code   RO         1415    i.GUI__RegisterExit  STemWin522_CM4_OS_Keil.lib(gui_core.o)
    0x0801604c   0x0000004c   Code   RO         1793    i.GUI__memset       STemWin522_CM4_OS_Keil.lib(gui__memset.o)
    0x08016098   0x0000003a   Code   RO         1795    i.GUI__memset16     STemWin522_CM4_OS_Keil.lib(gui__memset16.o)
    0x080160d2   0x00000002   PAD
    0x080160d4   0x00000010   Code   RO         2734    i.LCD_AA_SetAndMask  STemWin522_CM4_OS_Keil.lib(lcd_aa.o)
    0x080160e4   0x0000001c   Code   RO         1917    i.LCD_Color2Index   STemWin522_CM4_OS_Keil.lib(lcd.o)
    0x08016100   0x00000208   Code   RO         1918    i.LCD_DrawBitmap    STemWin522_CM4_OS_Keil.lib(lcd.o)
    0x08016308   0x00000058   Code   RO         1919    i.LCD_DrawHLine     STemWin522_CM4_OS_Keil.lib(lcd.o)
    0x08016360   0x00000068   Code   RO         1920    i.LCD_DrawPixel     STemWin522_CM4_OS_Keil.lib(lcd.o)
    0x080163c8   0x00000054   Code   RO         1921    i.LCD_DrawVLine     STemWin522_CM4_OS_Keil.lib(lcd.o)
    0x0801641c   0x00000058   Code   RO         1922    i.LCD_FillRect      STemWin522_CM4_OS_Keil.lib(lcd.o)
    0x08016474   0x00000006   Code   RO         1512    i.LCD_GetBitsPerPixelEx  STemWin522_CM4_OS_Keil.lib(lcd_getex.o)
    0x0801647a   0x00000002   PAD
    0x0801647c   0x00000010   Code   RO         2198    i.LCD_GetBkColorIndex  STemWin522_CM4_OS_Keil.lib(lcd_getcolorindex.o)
    0x0801648c   0x00000010   Code   RO         2199    i.LCD_GetColorIndex  STemWin522_CM4_OS_Keil.lib(lcd_getcolorindex.o)
    0x0801649c   0x00000010   Code   RO         1519    i.LCD_GetNumColors  STemWin522_CM4_OS_Keil.lib(lcd_getex.o)
    0x080164ac   0x00000006   Code   RO         1520    i.LCD_GetNumColorsEx  STemWin522_CM4_OS_Keil.lib(lcd_getex.o)
    0x080164b2   0x0000001a   Code   RO         2202    i.LCD_GetNumLayers  STemWin522_CM4_OS_Keil.lib(lcd_getnumdisplays.o)
    0x080164cc   0x00000010   Code   RO         1521    i.LCD_GetPalette    STemWin522_CM4_OS_Keil.lib(lcd_getex.o)
    0x080164dc   0x00000018   Code   RO         1522    i.LCD_GetPaletteEx  STemWin522_CM4_OS_Keil.lib(lcd_getex.o)
    0x080164f4   0x0000002c   Code   RO         1587    i.LCD_GetPosEx      STemWin522_CM4_OS_Keil.lib(lcd_set.o)
    0x08016520   0x00000006   Code   RO         1526    i.LCD_GetVXSizeEx   STemWin522_CM4_OS_Keil.lib(lcd_getex.o)
    0x08016526   0x00000006   Code   RO         1527    i.LCD_GetVXSizeMax  STemWin522_CM4_OS_Keil.lib(lcd_getex.o)
    0x0801652c   0x00000006   Code   RO         1529    i.LCD_GetVYSizeEx   STemWin522_CM4_OS_Keil.lib(lcd_getex.o)
    0x08016532   0x00000002   PAD
    0x08016534   0x00000010   Code   RO         1533    i.LCD_GetXSize      STemWin522_CM4_OS_Keil.lib(lcd_getex.o)
    0x08016544   0x00000006   Code   RO         1534    i.LCD_GetXSizeEx    STemWin522_CM4_OS_Keil.lib(lcd_getex.o)
    0x0801654a   0x00000002   PAD
    0x0801654c   0x00000010   Code   RO         1538    i.LCD_GetYSize      STemWin522_CM4_OS_Keil.lib(lcd_getex.o)
    0x0801655c   0x00000006   Code   RO         1539    i.LCD_GetYSizeEx    STemWin522_CM4_OS_Keil.lib(lcd_getex.o)
    0x08016562   0x00000004   Code   RO         1956    i.LCD_GetpPalConvTableBM  STemWin522_CM4_OS_Keil.lib(lcd_color.o)
    0x08016566   0x00000002   PAD
    0x08016568   0x00000048   Code   RO         1957    i.LCD_GetpPalConvTableUncached  STemWin522_CM4_OS_Keil.lib(lcd_color.o)
    0x080165b0   0x0000001c   Code   RO         1923    i.LCD_Index2Color   STemWin522_CM4_OS_Keil.lib(lcd.o)
    0x080165cc   0x00000002   Code   RO         2731    i.LCD_Index2Color_888  STemWin522_CM4_OS_Keil.lib(guicc_888_index2color.o)
    0x080165ce   0x00000002   Code   RO         2729    i.LCD_Index2Color_8888  STemWin522_CM4_OS_Keil.lib(guicc_8888_index2color.o)
    0x080165d0   0x0000002c   Code   RO         1915    i.LCD_Index2Color_M565  STemWin522_CM4_OS_Keil.lib(guicc_m565_index2color.o)
    0x080165fc   0x00000034   Code   RO         1958    i.LCD_InitColors    STemWin522_CM4_OS_Keil.lib(lcd_color.o)
    0x08016630   0x00000070   Code   RO         1959    i.LCD_InitLUT       STemWin522_CM4_OS_Keil.lib(lcd_color.o)
    0x080166a0   0x00000198   Code   RO         2747    i.LCD_ReadRectEx    STemWin522_CM4_OS_Keil.lib(lcd_readrect.o)
    0x08016838   0x00000044   Code   RO         2754    i.LCD_SelectLCD     STemWin522_CM4_OS_Keil.lib(lcd_selectlcd.o)
    0x0801687c   0x0000000c   Code   RO         1924    i.LCD_SetBkColor    STemWin522_CM4_OS_Keil.lib(lcd.o)
    0x08016888   0x00000018   Code   RO         1925    i.LCD_SetBkColorIndex  STemWin522_CM4_OS_Keil.lib(lcd.o)
    0x080168a0   0x00000030   Code   RO         2204    i.LCD_SetClipRectEx  STemWin522_CM4_OS_Keil.lib(lcd_setcliprectex.o)
    0x080168d0   0x0000001c   Code   RO         1926    i.LCD_SetClipRectMax  STemWin522_CM4_OS_Keil.lib(lcd.o)
    0x080168ec   0x0000000c   Code   RO         1927    i.LCD_SetColor      STemWin522_CM4_OS_Keil.lib(lcd.o)
    0x080168f8   0x00000018   Code   RO         1928    i.LCD_SetColorIndex  STemWin522_CM4_OS_Keil.lib(lcd.o)
    0x08016910   0x0000000c   Code   RO         1929    i.LCD_SetDrawMode   STemWin522_CM4_OS_Keil.lib(lcd.o)
    0x0801691c   0x0000002c   Code   RO         1600    i.LCD_SetLUTEntryEx  STemWin522_CM4_OS_Keil.lib(lcd_set.o)
    0x08016948   0x0000002c   Code   RO         1602    i.LCD_SetPosEx      STemWin522_CM4_OS_Keil.lib(lcd_set.o)
    0x08016974   0x0000002c   Code   RO         1604    i.LCD_SetSizeEx     STemWin522_CM4_OS_Keil.lib(lcd_set.o)
    0x080169a0   0x0000002c   Code   RO         1608    i.LCD_SetVSizeEx    STemWin522_CM4_OS_Keil.lib(lcd_set.o)
    0x080169cc   0x00000024   Code   RO         2519    i.LCD_UpdateColorIndices  STemWin522_CM4_OS_Keil.lib(lcd_updatecolorindices.o)
    0x080169f0   0x000001b4   Code   RO         1930    i.LCD__DrawBitmap_1bpp  STemWin522_CM4_OS_Keil.lib(lcd.o)
    0x08016ba4   0x0000005c   Code   RO         1543    i.LCD__GetBPP       STemWin522_CM4_OS_Keil.lib(lcd_getex.o)
    0x08016c00   0x00000032   Code   RO         1544    i.LCD__GetBPPDevice  STemWin522_CM4_OS_Keil.lib(lcd_getex.o)
    0x08016c32   0x00000002   PAD
    0x08016c34   0x00000010   Code   RO         1986    i.WM_Activate       STemWin522_CM4_OS_Keil.lib(wm.o)
    0x08016c44   0x00000088   Code   RO         2259    i.WM_BringToBottom  STemWin522_CM4_OS_Keil.lib(wm_bringtobottom.o)
    0x08016ccc   0x00000154   Code   RO         1988    i.WM_CreateWindowAsChild  STemWin522_CM4_OS_Keil.lib(wm.o)
    0x08016e20   0x00000020   Code   RO         1989    i.WM_Deactivate     STemWin522_CM4_OS_Keil.lib(wm.o)
    0x08016e40   0x00000046   Code   RO         1990    i.WM_DefaultProc    STemWin522_CM4_OS_Keil.lib(wm.o)
    0x08016e86   0x0000002a   Code   RO         2280    i.WM_DeleteTimer    STemWin522_CM4_OS_Keil.lib(wm_timer.o)
    0x08016eb0   0x000000d0   Code   RO         1991    i.WM_DeleteWindow   STemWin522_CM4_OS_Keil.lib(wm.o)
    0x08016f80   0x00000088   Code   RO         1992    i.WM_Exec           STemWin522_CM4_OS_Keil.lib(wm.o)
    0x08017008   0x0000002c   Code   RO         2265    i.WM_GetClientRect  STemWin522_CM4_OS_Keil.lib(wm_getclientrect.o)
    0x08017034   0x0000001a   Code   RO         2266    i.WM_GetClientRectEx  STemWin522_CM4_OS_Keil.lib(wm_getclientrect.o)
    0x0801704e   0x00000002   PAD
    0x08017050   0x00000018   Code   RO         2099    i.WM_GetDesktopWindow  STemWin522_CM4_OS_Keil.lib(wm_getdesktopwindow.o)
    0x08017068   0x00000014   Code   RO         2760    i.WM_GetDesktopWindowEx  STemWin522_CM4_OS_Keil.lib(wm_getdesktopwindowex.o)
    0x0801707c   0x0000001a   Code   RO         2271    i.WM_GetFirstChild  STemWin522_CM4_OS_Keil.lib(wm_getfirstchild.o)
    0x08017096   0x0000001a   Code   RO         2601    i.WM_GetParent      STemWin522_CM4_OS_Keil.lib(wm_getparent.o)
    0x080170b0   0x0000036c   Code   RO         2291    i.WM_HandlePID      STemWin522_CM4_OS_Keil.lib(wm_touch.o)
    0x0801741c   0x000000d4   Code   RO         1994    i.WM_Init           STemWin522_CM4_OS_Keil.lib(wm.o)
    0x080174f0   0x00000080   Code   RO         1995    i.WM_InvalidateRect  STemWin522_CM4_OS_Keil.lib(wm.o)
    0x08017570   0x00000006   Code   RO         1996    i.WM_InvalidateWindow  STemWin522_CM4_OS_Keil.lib(wm.o)
    0x08017576   0x0000005e   Code   RO         1997    i.WM_InvalidateWindowAndDescsEx  STemWin522_CM4_OS_Keil.lib(wm.o)
    0x080175d4   0x00000018   Code   RO         2607    i.WM_IsWindow       STemWin522_CM4_OS_Keil.lib(wm_iswindow.o)
    0x080175ec   0x0000001e   Code   RO         2780    i.WM_MoveWindow     STemWin522_CM4_OS_Keil.lib(wm_move.o)
    0x0801760a   0x00000010   Code   RO         2273    i.WM_NotifyParent   STemWin522_CM4_OS_Keil.lib(wm_notifyparent.o)
    0x0801761a   0x00000002   PAD
    0x0801761c   0x00000040   Code   RO         2609    i.WM_OnKey          STemWin522_CM4_OS_Keil.lib(wm_onkey.o)
    0x0801765c   0x0000001c   Code   RO         2612    i.WM_PID__SetPrevState  STemWin522_CM4_OS_Keil.lib(wm_pid__getprevstate.o)
    0x08017678   0x00000012   Code   RO         2626    i.WM_ReleaseCapture  STemWin522_CM4_OS_Keil.lib(wm_setcapture.o)
    0x0801768a   0x000000f6   Code   RO         2762    i.WM_ResizeWindow   STemWin522_CM4_OS_Keil.lib(wm_resizewindow.o)
    0x08017780   0x0000001e   Code   RO         2616    i.WM_Screen2hWin    STemWin522_CM4_OS_Keil.lib(wm_screen2win.o)
    0x0801779e   0x00000002   PAD
    0x080177a0   0x00000044   Code   RO         1998    i.WM_SelectWindow   STemWin522_CM4_OS_Keil.lib(wm.o)
    0x080177e4   0x0000001a   Code   RO         2275    i.WM_SendMessageNoPara  STemWin522_CM4_OS_Keil.lib(wm_sendmessagenopara.o)
    0x080177fe   0x00000026   Code   RO         2277    i.WM_SendToParent   STemWin522_CM4_OS_Keil.lib(wm_sendtoparent.o)
    0x08017824   0x00000014   Code   RO         2000    i.WM_SetDefault     STemWin522_CM4_OS_Keil.lib(wm.o)
    0x08017838   0x00000048   Code   RO         2632    i.WM_SetSize        STemWin522_CM4_OS_Keil.lib(wm_setsize.o)
    0x08017880   0x00000020   Code   RO         2101    i.WM_SetUserClipRect  STemWin522_CM4_OS_Keil.lib(wm_setusercliprect.o)
    0x080178a0   0x00000048   Code   RO         2001    i.WM__ActivateClipRect  STemWin522_CM4_OS_Keil.lib(wm.o)
    0x080178e8   0x00000010   Code   RO         2261    i.WM__AddCriticalHandle  STemWin522_CM4_OS_Keil.lib(wm_criticalhandle.o)
    0x080178f8   0x00000010   Code   RO         2002    i.WM__Client2Screen  STemWin522_CM4_OS_Keil.lib(wm.o)
    0x08017908   0x0000004e   Code   RO         2003    i.WM__ClipAtParentBorders  STemWin522_CM4_OS_Keil.lib(wm.o)
    0x08017956   0x00000052   Code   RO         2283    i.WM__DeleteAssocTimer  STemWin522_CM4_OS_Keil.lib(wm_timer.o)
    0x080179a8   0x00000028   Code   RO         2005    i.WM__DetachWindow  STemWin522_CM4_OS_Keil.lib(wm.o)
    0x080179d0   0x00000020   Code   RO         2267    i.WM__GetClientRectEx  STemWin522_CM4_OS_Keil.lib(wm_getclientrect.o)
    0x080179f0   0x00000018   Code   RO         2006    i.WM__GetClientRectWin  STemWin522_CM4_OS_Keil.lib(wm.o)
    0x08017a08   0x00000012   Code   RO         2758    i.WM__GetFirstSibling  STemWin522_CM4_OS_Keil.lib(wm__getfirstsibling.o)
    0x08017a1a   0x00000002   PAD
    0x08017a1c   0x00000040   Code   RO         2007    i.WM__GetNextIVR    STemWin522_CM4_OS_Keil.lib(wm.o)
    0x08017a5c   0x00000024   Code   RO         2589    i.WM__GetPrevSibling  STemWin522_CM4_OS_Keil.lib(wm__getprevsibling.o)
    0x08017a80   0x00000018   Code   RO         2008    i.WM__GetTopLevelLayer  STemWin522_CM4_OS_Keil.lib(wm.o)
    0x08017a98   0x000000f0   Code   RO         2009    i.WM__InitIVRSearch  STemWin522_CM4_OS_Keil.lib(wm.o)
    0x08017b88   0x000000a4   Code   RO         2010    i.WM__InsertWindowIntoList  STemWin522_CM4_OS_Keil.lib(wm.o)
    0x08017c2c   0x00000006   Code   RO         2011    i.WM__Invalidate1Abs  STemWin522_CM4_OS_Keil.lib(wm.o)
    0x08017c32   0x00000046   Code   RO         2012    i.WM__InvalidateDrawAndDescs  STemWin522_CM4_OS_Keil.lib(wm.o)
    0x08017c78   0x0000002a   Code   RO         2013    i.WM__InvalidateParent  STemWin522_CM4_OS_Keil.lib(wm.o)
    0x08017ca2   0x00000076   Code   RO         2014    i.WM__InvalidateRect  STemWin522_CM4_OS_Keil.lib(wm.o)
    0x08017d18   0x00000006   Code   RO         2015    i.WM__InvalidateRectEx  STemWin522_CM4_OS_Keil.lib(wm.o)
    0x08017d1e   0x00000002   PAD
    0x08017d20   0x00000022   Code   RO         2591    i.WM__IsAncestor    STemWin522_CM4_OS_Keil.lib(wm__isancestor.o)
    0x08017d42   0x00000016   Code   RO         2595    i.WM__IsEnabled     STemWin522_CM4_OS_Keil.lib(wm__isenabled.o)
    0x08017d58   0x00000048   Code   RO         2292    i.WM__IsInModalArea  STemWin522_CM4_OS_Keil.lib(wm_touch.o)
    0x08017da0   0x00000030   Code   RO         2618    i.WM__IsInWindow    STemWin522_CM4_OS_Keil.lib(wm_screen2win.o)
    0x08017dd0   0x00000024   Code   RO         2016    i.WM__IsWindow      STemWin522_CM4_OS_Keil.lib(wm.o)
    0x08017df4   0x00000098   Code   RO         2782    i.WM__MoveWindow    STemWin522_CM4_OS_Keil.lib(wm_move.o)
    0x08017e8c   0x000000a0   Code   RO         2017    i.WM__Paint         STemWin522_CM4_OS_Keil.lib(wm.o)
    0x08017f2c   0x00000090   Code   RO         2018    i.WM__Paint1        STemWin522_CM4_OS_Keil.lib(wm.o)
    0x08017fbc   0x00000078   Code   RO         2019    i.WM__PaintWinAndOverlays  STemWin522_CM4_OS_Keil.lib(wm.o)
    0x08018034   0x00000020   Code   RO         2020    i.WM__RectIsNZ      STemWin522_CM4_OS_Keil.lib(wm.o)
    0x08018054   0x0000002c   Code   RO         2628    i.WM__ReleaseCapture  STemWin522_CM4_OS_Keil.lib(wm_setcapture.o)
    0x08018080   0x0000002c   Code   RO         2262    i.WM__RemoveCriticalHandle  STemWin522_CM4_OS_Keil.lib(wm_criticalhandle.o)
    0x080180ac   0x00000030   Code   RO         2021    i.WM__RemoveFromLinList  STemWin522_CM4_OS_Keil.lib(wm.o)
    0x080180dc   0x00000040   Code   RO         2022    i.WM__RemoveWindowFromList  STemWin522_CM4_OS_Keil.lib(wm.o)
    0x0801811c   0x00000014   Code   RO         2023    i.WM__SelectTopLevelLayer  STemWin522_CM4_OS_Keil.lib(wm.o)
    0x08018130   0x0000003c   Code   RO         2256    i.WM__SendMessage   STemWin522_CM4_OS_Keil.lib(wm__sendmessage.o)
    0x0801816c   0x0000001c   Code   RO         2597    i.WM__SendMessageIfEnabled  STemWin522_CM4_OS_Keil.lib(wm__sendmessageifenabled.o)
    0x08018188   0x00000026   Code   RO         2599    i.WM__SendMessageNoPara  STemWin522_CM4_OS_Keil.lib(wm__sendmessagenopara.o)
    0x080181ae   0x0000000e   Code   RO         2024    i.WM__SendMsgNoData  STemWin522_CM4_OS_Keil.lib(wm.o)
    0x080181bc   0x0000003e   Code   RO         2293    i.WM__SendPIDMessage  STemWin522_CM4_OS_Keil.lib(wm_touch.o)
    0x080181fa   0x00000036   Code   RO         2294    i.WM__SendTouchMessage  STemWin522_CM4_OS_Keil.lib(wm_touch.o)
    0x08018230   0x000000dc   Code   RO         2773    i.WM__UpdateChildPositions  STemWin522_CM4_OS_Keil.lib(wm__updatechildpositions.o)
    0x0801830c   0x00000078   Code   RO         1360    i._AddFreeMemory    STemWin522_CM4_OS_Keil.lib(gui_alloc.o)
    0x08018384   0x000000bc   Code   RO         1361    i._Alloc            STemWin522_CM4_OS_Keil.lib(gui_alloc.o)
    0x08018440   0x00000004   Code   RO         1905    i._CalcSizeOfChar   STemWin522_CM4_OS_Keil.lib(gui_uc_encodenone.o)
    0x08018444   0x0000004c   Code   RO         1327    i._Color2IndexBulk  STemWin522_CM4_OS_Keil.lib(guicc_m565.o)
    0x08018490   0x0000000e   Code   RO         2510    i._Color2IndexBulk  STemWin522_CM4_OS_Keil.lib(guicc_8888.o)
    0x0801849e   0x00000002   PAD
    0x080184a0   0x00000054   Code   RO         2189    i._Color2Index_0    STemWin522_CM4_OS_Keil.lib(guicc_0.o)
    0x080184f4   0x00000002   Code   RO         2511    i._Color2Index_8888  STemWin522_CM4_OS_Keil.lib(guicc_8888.o)
    0x080184f6   0x00000002   PAD
    0x080184f8   0x0000002c   Code   RO         1328    i._Color2Index_M565  STemWin522_CM4_OS_Keil.lib(guicc_m565.o)
    0x08018524   0x0000003e   Code   RO         1978    i._Convert16        STemWin522_CM4_OS_Keil.lib(guidev_writetoactiveopaque.o)
    0x08018562   0x00000098   Code   RO         2658    i._CreateBuffer     STemWin522_CM4_OS_Keil.lib(gui_sprite.o)
    0x080185fa   0x00000002   PAD
    0x080185fc   0x00000120   Code   RO         2243    i._CreateStaticDevice  STemWin522_CM4_OS_Keil.lib(guidev_staticdevices.o)
    0x0801871c   0x00000014   Code   RO         2381    i._DecPointer       STemWin522_CM4_OS_Keil.lib(gui_pid.o)
    0x08018730   0x00000012   Code   RO         2025    i._DeleteAllChildren  STemWin522_CM4_OS_Keil.lib(wm.o)
    0x08018742   0x00000002   PAD
    0x08018744   0x00000020   Code   RO         2026    i._DesktopHandle2Index  STemWin522_CM4_OS_Keil.lib(wm.o)
    0x08018764   0x00000074   Code   RO         1813    i._DispLine         STemWin522_CM4_OS_Keil.lib(gui_charline.o)
    0x080187d8   0x00000140   Code   RO         1752    i._DrawBitLine1BPP  STemWin522_CM4_OS_Keil.lib(guidev_16.o)
    0x08018918   0x00000114   Code   RO         2521    i._DrawBitLine1BPP  STemWin522_CM4_OS_Keil.lib(guidev_32.o)
    0x08018a2c   0x000000e0   Code   RO         1753    i._DrawBitLine2BPP  STemWin522_CM4_OS_Keil.lib(guidev_16.o)
    0x08018b0c   0x000000e0   Code   RO         2522    i._DrawBitLine2BPP  STemWin522_CM4_OS_Keil.lib(guidev_32.o)
    0x08018bec   0x00000088   Code   RO         2523    i._DrawBitLine32BPP_DDB  STemWin522_CM4_OS_Keil.lib(guidev_32.o)
    0x08018c74   0x00000158   Code   RO         1754    i._DrawBitLine4BPP  STemWin522_CM4_OS_Keil.lib(guidev_16.o)
    0x08018dcc   0x00000158   Code   RO         2524    i._DrawBitLine4BPP  STemWin522_CM4_OS_Keil.lib(guidev_32.o)
    0x08018f24   0x000002b0   Code   RO         1755    i._DrawBitmap       STemWin522_CM4_OS_Keil.lib(guidev_16.o)
    0x080191d4   0x00000294   Code   RO         2525    i._DrawBitmap       STemWin522_CM4_OS_Keil.lib(guidev_32.o)
    0x08019468   0x0000017a   Code   RO         1468    i._DrawGradient     STemWin522_CM4_OS_Keil.lib(gui_drawgradient.o)
    0x080195e2   0x0000000a   Code   RO         1756    i._DrawHLine        STemWin522_CM4_OS_Keil.lib(guidev_16.o)
    0x080195ec   0x0000000a   Code   RO         2526    i._DrawHLine        STemWin522_CM4_OS_Keil.lib(guidev_32.o)
    0x080195f6   0x00000002   PAD
    0x080195f8   0x0000005c   Code   RO         2027    i._DrawNext         STemWin522_CM4_OS_Keil.lib(wm.o)
    0x08019654   0x000000b8   Code   RO         1757    i._DrawVLine        STemWin522_CM4_OS_Keil.lib(guidev_16.o)
    0x0801970c   0x000000ac   Code   RO         2527    i._DrawVLine        STemWin522_CM4_OS_Keil.lib(guidev_32.o)
    0x080197b8   0x00000006   Code   RO         1906    i._Encode           STemWin522_CM4_OS_Keil.lib(gui_uc_encodenone.o)
    0x080197be   0x00000002   PAD
    0x080197c0   0x00000094   Code   RO         1362    i._EnlargeBlocks    STemWin522_CM4_OS_Keil.lib(gui_alloc.o)
    0x08019854   0x00000078   Code   RO         2028    i._Exec1Input       STemWin522_CM4_OS_Keil.lib(wm.o)
    0x080198cc   0x000000ac   Code   RO         1758    i._FillRect         STemWin522_CM4_OS_Keil.lib(guidev_16.o)
    0x08019978   0x000000a4   Code   RO         2528    i._FillRect         STemWin522_CM4_OS_Keil.lib(guidev_32.o)
    0x08019a1c   0x00000148   Code   RO         2029    i._FindNext_IVR     STemWin522_CM4_OS_Keil.lib(wm.o)
    0x08019b64   0x0000007c   Code   RO         2030    i._Findx0           STemWin522_CM4_OS_Keil.lib(wm.o)
    0x08019be0   0x00000072   Code   RO         2031    i._Findx1           STemWin522_CM4_OS_Keil.lib(wm.o)
    0x08019c52   0x000000a2   Code   RO         2032    i._Findy1           STemWin522_CM4_OS_Keil.lib(wm.o)
    0x08019cf4   0x00000074   Code   RO         2664    i._FlushBuffer      STemWin522_CM4_OS_Keil.lib(gui_sprite.o)
    0x08019d68   0x00000004   Code   RO         2577    i._GUI_USAGE_BM_Delete  STemWin522_CM4_OS_Keil.lib(guidev_usagebm.o)
    0x08019d6c   0x0000006c   Code   RO         2665    i._GetBkPixel       STemWin522_CM4_OS_Keil.lib(gui_sprite.o)
    0x08019dd8   0x00000004   Code   RO         1907    i._GetCharCode      STemWin522_CM4_OS_Keil.lib(gui_uc_encodenone.o)
    0x08019ddc   0x00000004   Code   RO         1908    i._GetCharSize      STemWin522_CM4_OS_Keil.lib(gui_uc_encodenone.o)
    0x08019de0   0x00000010   Code   RO         1759    i._GetDevData       STemWin522_CM4_OS_Keil.lib(guidev_16.o)
    0x08019df0   0x00000010   Code   RO         2529    i._GetDevData       STemWin522_CM4_OS_Keil.lib(guidev_32.o)
    0x08019e00   0x00000010   Code   RO         1760    i._GetDevFunc       STemWin522_CM4_OS_Keil.lib(guidev_16.o)
    0x08019e10   0x00000010   Code   RO         2530    i._GetDevFunc       STemWin522_CM4_OS_Keil.lib(guidev_32.o)
    0x08019e20   0x0000001e   Code   RO         1545    i._GetDevProp       STemWin522_CM4_OS_Keil.lib(lcd_getex.o)
    0x08019e3e   0x00000008   Code   RO         1761    i._GetDevProp       STemWin522_CM4_OS_Keil.lib(guidev_16.o)
    0x08019e46   0x0000000c   Code   RO         2531    i._GetDevProp       STemWin522_CM4_OS_Keil.lib(guidev_32.o)
    0x08019e52   0x00000052   Code   RO         2190    i._GetIndexMask_0   STemWin522_CM4_OS_Keil.lib(guicc_0.o)
    0x08019ea4   0x00000006   Code   RO         2512    i._GetIndexMask_8888  STemWin522_CM4_OS_Keil.lib(guicc_8888.o)
    0x08019eaa   0x00000006   Code   RO         1329    i._GetIndexMask_M565  STemWin522_CM4_OS_Keil.lib(guicc_m565.o)
    0x08019eb0   0x0000001e   Code   RO         1546    i._GetMaxValue      STemWin522_CM4_OS_Keil.lib(lcd_getex.o)
    0x08019ece   0x00000002   PAD
    0x08019ed0   0x0000001c   Code   RO         1363    i._GetMinIndex      STemWin522_CM4_OS_Keil.lib(gui_alloc.o)
    0x08019eec   0x0000000e   Code   RO         1762    i._GetPixelIndex    STemWin522_CM4_OS_Keil.lib(guidev_16.o)
    0x08019efa   0x0000000e   Code   RO         2532    i._GetPixelIndex    STemWin522_CM4_OS_Keil.lib(guidev_32.o)
    0x08019f08   0x00000030   Code   RO         1763    i._GetRect          STemWin522_CM4_OS_Keil.lib(guidev_16.o)
    0x08019f38   0x00000030   Code   RO         2533    i._GetRect          STemWin522_CM4_OS_Keil.lib(guidev_32.o)
    0x08019f68   0x00000010   Code   RO         1859    i._GotoX            STemWin522_CM4_OS_Keil.lib(gui_goto.o)
    0x08019f78   0x00000010   Code   RO         1860    i._GotoY            STemWin522_CM4_OS_Keil.lib(gui_goto.o)
    0x08019f88   0x0000001c   Code   RO         2129    i._IncPointer       STemWin522_CM4_OS_Keil.lib(gui_onkey.o)
    0x08019fa4   0x00000014   Code   RO         2382    i._IncPointer       STemWin522_CM4_OS_Keil.lib(gui_pid.o)
    0x08019fb8   0x00000006   Code   RO         2130    i._IncReadPointer   STemWin522_CM4_OS_Keil.lib(gui_onkey.o)
    0x08019fbe   0x00000002   PAD
    0x08019fc0   0x00000058   Code   RO         1330    i._Index2ColorBulk  STemWin522_CM4_OS_Keil.lib(guicc_m565.o)
    0x0801a018   0x0000000e   Code   RO         2513    i._Index2ColorBulk  STemWin522_CM4_OS_Keil.lib(guicc_8888.o)
    0x0801a026   0x00000020   Code   RO         2191    i._Index2Color_0    STemWin522_CM4_OS_Keil.lib(guicc_0.o)
    0x0801a046   0x00000002   PAD
    0x0801a048   0x00000070   Code   RO         1416    i._InitContext      STemWin522_CM4_OS_Keil.lib(gui_core.o)
    0x0801a0b8   0x000000a4   Code   RO         1364    i._InitOnce         STemWin522_CM4_OS_Keil.lib(gui_alloc.o)
    0x0801a15c   0x00000080   Code   RO         2033    i._Invalidate1Abs   STemWin522_CM4_OS_Keil.lib(wm.o)
    0x0801a1dc   0x00000014   Code   RO         1492    i._Log2Phys         STemWin522_CM4_OS_Keil.lib(gui_touch_driveranalog.o)
    0x0801a1f0   0x00000002   Code   RO         1814    i._Log2VisBuffered  STemWin522_CM4_OS_Keil.lib(gui_charline.o)
    0x0801a1f2   0x00000008   Code   RO         2228    i._Min              STemWin522_CM4_OS_Keil.lib(guidev_banding.o)
    0x0801a1fa   0x0000006e   Code   RO         2783    i._MoveDescendents  STemWin522_CM4_OS_Keil.lib(wm_move.o)
    0x0801a268   0x00000034   Code   RO         1365    i._OnExit           STemWin522_CM4_OS_Keil.lib(gui_alloc.o)
    0x0801a29c   0x0000002c   Code   RO         1417    i._OnExit           STemWin522_CM4_OS_Keil.lib(gui_core.o)
    0x0801a2c8   0x00000014   Code   RO         1876    i._OnExit           STemWin522_CM4_OS_Keil.lib(gui_task.o)
    0x0801a2dc   0x00000014   Code   RO         1961    i._OnExit           STemWin522_CM4_OS_Keil.lib(lcd_color.o)
    0x0801a2f0   0x00000034   Code   RO         2034    i._OnExit           STemWin522_CM4_OS_Keil.lib(wm.o)
    0x0801a324   0x00000028   Code   RO         2316    i._OnExit           STemWin522_CM4_OS_Keil.lib(gui__alpha.o)
    0x0801a34c   0x00000024   Code   RO         2035    i._Paint1           STemWin522_CM4_OS_Keil.lib(wm.o)
    0x0801a370   0x0000008c   Code   RO         2036    i._Paint1Trans      STemWin522_CM4_OS_Keil.lib(wm.o)
    0x0801a3fc   0x0000009a   Code   RO         2037    i._PaintTransChildren  STemWin522_CM4_OS_Keil.lib(wm.o)
    0x0801a496   0x00000002   PAD
    0x0801a498   0x00000040   Code   RO         1366    i._PopFreeBlock     STemWin522_CM4_OS_Keil.lib(gui_alloc.o)
    0x0801a4d8   0x00000024   Code   RO         1367    i._PushFreeBlock    STemWin522_CM4_OS_Keil.lib(gui_alloc.o)
    0x0801a4fc   0x0000001c   Code   RO         2675    i._ReleaseBuffer    STemWin522_CM4_OS_Keil.lib(gui_sprite.o)
    0x0801a518   0x00000034   Code   RO         1368    i._RemoveFreeBlock  STemWin522_CM4_OS_Keil.lib(gui_alloc.o)
    0x0801a54c   0x0000005c   Code   RO         2484    i._RemoveFromLinList  STemWin522_CM4_OS_Keil.lib(gui_timer.o)
    0x0801a5a8   0x000000a0   Code   RO         1369    i._RemoveHoles      STemWin522_CM4_OS_Keil.lib(gui_alloc.o)
    0x0801a648   0x0000005a   Code   RO         2619    i._Screen2hWin      STemWin522_CM4_OS_Keil.lib(wm_screen2win.o)
    0x0801a6a2   0x00000002   PAD
    0x0801a6a4   0x00000024   Code   RO         2620    i._Screen2hWinStop  STemWin522_CM4_OS_Keil.lib(wm_screen2win.o)
    0x0801a6c8   0x00000020   Code   RO         1931    i._SetBkColor       STemWin522_CM4_OS_Keil.lib(lcd.o)
    0x0801a6e8   0x0000004c   Code   RO         2038    i._SetClipRectUserIntersect  STemWin522_CM4_OS_Keil.lib(wm.o)
    0x0801a734   0x00000020   Code   RO         1932    i._SetColor         STemWin522_CM4_OS_Keil.lib(lcd.o)
    0x0801a754   0x0000002c   Code   RO         1933    i._SetDrawMode      STemWin522_CM4_OS_Keil.lib(lcd.o)
    0x0801a780   0x00000034   Code   RO         1493    i._SetMinMax        STemWin522_CM4_OS_Keil.lib(gui_touch_driveranalog.o)
    0x0801a7b4   0x00000008   Code   RO         1764    i._SetOrg           STemWin522_CM4_OS_Keil.lib(guidev_16.o)
    0x0801a7bc   0x00000008   Code   RO         2534    i._SetOrg           STemWin522_CM4_OS_Keil.lib(guidev_32.o)
    0x0801a7c4   0x00000048   Code   RO         1765    i._SetPixelIndex    STemWin522_CM4_OS_Keil.lib(guidev_16.o)
    0x0801a80c   0x00000048   Code   RO         2535    i._SetPixelIndex    STemWin522_CM4_OS_Keil.lib(guidev_32.o)
    0x0801a854   0x000002ac   Code   RO         2680    i._SetPosition      STemWin522_CM4_OS_Keil.lib(gui_sprite.o)
    0x0801ab00   0x0000004a   Code   RO         2681    i._SetSpriteBkPixel  STemWin522_CM4_OS_Keil.lib(gui_sprite.o)
    0x0801ab4a   0x00000002   PAD
    0x0801ab4c   0x00000058   Code   RO         2383    i._StoreState       STemWin522_CM4_OS_Keil.lib(gui_pid.o)
    0x0801aba4   0x00000030   Code   RO         1494    i._StoreUnstable    STemWin522_CM4_OS_Keil.lib(gui_touch_driveranalog.o)
    0x0801abd4   0x000000ea   Code   RO         1370    i._TestRAM          STemWin522_CM4_OS_Keil.lib(gui_alloc.o)
    0x0801acbe   0x00000002   PAD
    0x0801acc0   0x00000050   Code   RO         2485    i._Unlink           STemWin522_CM4_OS_Keil.lib(gui_timer.o)
    0x0801ad10   0x00000030   Code   RO         1446    i._UnlinkDevice     STemWin522_CM4_OS_Keil.lib(gui_device.o)
    0x0801ad40   0x0000000e   Code   RO         1371    i._WriteTagData     STemWin522_CM4_OS_Keil.lib(gui_alloc.o)
    0x0801ad4e   0x00000002   PAD
    0x0801ad50   0x00000330   Code   RO         1979    i._WriteToActiveOpaque_8  STemWin522_CM4_OS_Keil.lib(guidev_writetoactiveopaque.o)
    0x0801b080   0x000002f8   Code   RO         1980    i._WriteToActiveOpaque_HT  STemWin522_CM4_OS_Keil.lib(guidev_writetoactiveopaque.o)
    0x0801b378   0x0000003c   Code   RO         1766    i._XY2PTR           STemWin522_CM4_OS_Keil.lib(guidev_16.o)
    0x0801b3b4   0x0000003c   Code   RO         2536    i._XY2PTR           STemWin522_CM4_OS_Keil.lib(guidev_32.o)
    0x0801b3f0   0x00000054   Code   RO         1767    i._XorPixel         STemWin522_CM4_OS_Keil.lib(guidev_16.o)
    0x0801b444   0x00000058   Code   RO         2537    i._XorPixel         STemWin522_CM4_OS_Keil.lib(guidev_32.o)
    0x0801b49c   0x0000007a   Code   RO         2897    i.__hardfp_sqrt     m_wm.l(sqrt.o)
    0x0801b516   0x00000002   PAD
    0x0801b518   0x00000044   Code   RO         2039    i._cbPaintMemDev    STemWin522_CM4_OS_Keil.lib(wm.o)
    0x0801b55c   0x00000050   Code   RO         2040    i.cbBackWin         STemWin522_CM4_OS_Keil.lib(wm.o)
    0x0801b5ac   0x0000008a   Code   RO         1934    i.emWin_LCD_Init    STemWin522_CM4_OS_Keil.lib(lcd.o)
    0x0801b636   0x00000002   PAD
    0x0801b638   0x00000150   Code   RO         2873    x$fpl$dadd          fz_wm.l(daddsub_clz.o)
    0x0801b788   0x00000018   Code   RO         2927    x$fpl$dcmpinf       fz_wm.l(dcmpi.o)
    0x0801b7a0   0x0000005a   Code   RO         2879    x$fpl$dfixu         fz_wm.l(dfixu.o)
    0x0801b7fa   0x0000002e   Code   RO         2884    x$fpl$dflt          fz_wm.l(dflt_clz.o)
    0x0801b828   0x00000026   Code   RO         2883    x$fpl$dfltu         fz_wm.l(dflt_clz.o)
    0x0801b84e   0x00000002   PAD
    0x0801b850   0x00000078   Code   RO         2889    x$fpl$dleqf         fz_wm.l(dleqf.o)
    0x0801b8c8   0x00000154   Code   RO         2891    x$fpl$dmul          fz_wm.l(dmul.o)
    0x0801ba1c   0x0000009c   Code   RO         2929    x$fpl$dnaninf       fz_wm.l(dnaninf.o)
    0x0801bab8   0x0000000c   Code   RO         2931    x$fpl$dretinf       fz_wm.l(dretinf.o)
    0x0801bac4   0x0000006c   Code   RO         2893    x$fpl$drleqf        fz_wm.l(drleqf.o)
    0x0801bb30   0x00000016   Code   RO         2874    x$fpl$drsb          fz_wm.l(daddsub_clz.o)
    0x0801bb46   0x00000002   PAD
    0x0801bb48   0x00000198   Code   RO         2933    x$fpl$dsqrt         fz_wm.l(dsqrt_umaal.o)
    0x0801bce0   0x000001d4   Code   RO         2875    x$fpl$dsub          fz_wm.l(daddsub_clz.o)
    0x0801beb4   0x00000056   Code   RO         2895    x$fpl$f2d           fz_wm.l(f2d.o)
    0x0801bf0a   0x0000008c   Code   RO         2935    x$fpl$fnaninf       fz_wm.l(fnaninf.o)
    0x0801bf96   0x0000000a   Code   RO         3049    x$fpl$fpinit        fz_wm.l(fpinit.o)
    0x0801bfa0   0x00000000   Code   RO         2937    x$fpl$usenofp       fz_wm.l(usenofp.o)
    0x0801bfa0   0x000017c0   Data   RO          322    .constdata          ili93xx.o
    0x0801d760   0x0000000a   Data   RO          448    .constdata          ott2001a.o
    0x0801d76a   0x00000002   PAD
    0x0801d76c   0x0000001c   Data   RO          590    .constdata          stm32f4xx_fsmc.o
    0x0801d788   0x00000024   Data   RO          799    .constdata          malloc.o
    0x0801d7ac   0x00000034   Data   RO          860    .constdata          guidrv_template.o
    0x0801d7e0   0x00000100   Data   RO          962    .constdata          os_core.o
    0x0801d8e0   0x000003c0   Data   RO         1204    .constdata          mycc936.o
    0x0801dca0   0x0000003a   Data   RO         1247    .constdata          ff.o
    0x0801dcda   0x00000002   PAD
    0x0801dcdc   0x0000005c   Data   RO         1312    .constdata          color_bar.o
    0x0801dd38   0x00000018   Data   RO         1331    .constdata          STemWin522_CM4_OS_Keil.lib(guicc_m565.o)
    0x0801dd50   0x00000008   Data   RO         1419    .constdata          STemWin522_CM4_OS_Keil.lib(gui_core.o)
    0x0801dd58   0x00000008   Data   RO         1447    .constdata          STemWin522_CM4_OS_Keil.lib(gui_device.o)
    0x0801dd60   0x00000018   Data   RO         1636    .constdata          STemWin522_CM4_OS_Keil.lib(f24_ascii.o)
    0x0801dd78   0x00000018   Data   RO         1637    .constdata          STemWin522_CM4_OS_Keil.lib(f24_ascii.o)
    0x0801dd90   0x00000018   Data   RO         1638    .constdata          STemWin522_CM4_OS_Keil.lib(f24_ascii.o)
    0x0801dda8   0x00000030   Data   RO         1639    .constdata          STemWin522_CM4_OS_Keil.lib(f24_ascii.o)
    0x0801ddd8   0x00000030   Data   RO         1640    .constdata          STemWin522_CM4_OS_Keil.lib(f24_ascii.o)
    0x0801de08   0x00000048   Data   RO         1641    .constdata          STemWin522_CM4_OS_Keil.lib(f24_ascii.o)
    0x0801de50   0x00000030   Data   RO         1642    .constdata          STemWin522_CM4_OS_Keil.lib(f24_ascii.o)
    0x0801de80   0x00000018   Data   RO         1643    .constdata          STemWin522_CM4_OS_Keil.lib(f24_ascii.o)
    0x0801de98   0x00000018   Data   RO         1644    .constdata          STemWin522_CM4_OS_Keil.lib(f24_ascii.o)
    0x0801deb0   0x00000018   Data   RO         1645    .constdata          STemWin522_CM4_OS_Keil.lib(f24_ascii.o)
    0x0801dec8   0x00000018   Data   RO         1646    .constdata          STemWin522_CM4_OS_Keil.lib(f24_ascii.o)
    0x0801dee0   0x00000030   Data   RO         1647    .constdata          STemWin522_CM4_OS_Keil.lib(f24_ascii.o)
    0x0801df10   0x00000018   Data   RO         1648    .constdata          STemWin522_CM4_OS_Keil.lib(f24_ascii.o)
    0x0801df28   0x00000018   Data   RO         1649    .constdata          STemWin522_CM4_OS_Keil.lib(f24_ascii.o)
    0x0801df40   0x00000018   Data   RO         1650    .constdata          STemWin522_CM4_OS_Keil.lib(f24_ascii.o)
    0x0801df58   0x00000018   Data   RO         1651    .constdata          STemWin522_CM4_OS_Keil.lib(f24_ascii.o)
    0x0801df70   0x00000030   Data   RO         1652    .constdata          STemWin522_CM4_OS_Keil.lib(f24_ascii.o)
    0x0801dfa0   0x00000030   Data   RO         1653    .constdata          STemWin522_CM4_OS_Keil.lib(f24_ascii.o)
    0x0801dfd0   0x00000030   Data   RO         1654    .constdata          STemWin522_CM4_OS_Keil.lib(f24_ascii.o)
    0x0801e000   0x00000030   Data   RO         1655    .constdata          STemWin522_CM4_OS_Keil.lib(f24_ascii.o)
    0x0801e030   0x00000030   Data   RO         1656    .constdata          STemWin522_CM4_OS_Keil.lib(f24_ascii.o)
    0x0801e060   0x00000030   Data   RO         1657    .constdata          STemWin522_CM4_OS_Keil.lib(f24_ascii.o)
    0x0801e090   0x00000030   Data   RO         1658    .constdata          STemWin522_CM4_OS_Keil.lib(f24_ascii.o)
    0x0801e0c0   0x00000030   Data   RO         1659    .constdata          STemWin522_CM4_OS_Keil.lib(f24_ascii.o)
    0x0801e0f0   0x00000030   Data   RO         1660    .constdata          STemWin522_CM4_OS_Keil.lib(f24_ascii.o)
    0x0801e120   0x00000030   Data   RO         1661    .constdata          STemWin522_CM4_OS_Keil.lib(f24_ascii.o)
    0x0801e150   0x00000018   Data   RO         1662    .constdata          STemWin522_CM4_OS_Keil.lib(f24_ascii.o)
    0x0801e168   0x00000018   Data   RO         1663    .constdata          STemWin522_CM4_OS_Keil.lib(f24_ascii.o)
    0x0801e180   0x00000030   Data   RO         1664    .constdata          STemWin522_CM4_OS_Keil.lib(f24_ascii.o)
    0x0801e1b0   0x00000030   Data   RO         1665    .constdata          STemWin522_CM4_OS_Keil.lib(f24_ascii.o)
    0x0801e1e0   0x00000030   Data   RO         1666    .constdata          STemWin522_CM4_OS_Keil.lib(f24_ascii.o)
    0x0801e210   0x00000030   Data   RO         1667    .constdata          STemWin522_CM4_OS_Keil.lib(f24_ascii.o)
    0x0801e240   0x00000048   Data   RO         1668    .constdata          STemWin522_CM4_OS_Keil.lib(f24_ascii.o)
    0x0801e288   0x00000030   Data   RO         1669    .constdata          STemWin522_CM4_OS_Keil.lib(f24_ascii.o)
    0x0801e2b8   0x00000030   Data   RO         1670    .constdata          STemWin522_CM4_OS_Keil.lib(f24_ascii.o)
    0x0801e2e8   0x00000030   Data   RO         1671    .constdata          STemWin522_CM4_OS_Keil.lib(f24_ascii.o)
    0x0801e318   0x00000030   Data   RO         1672    .constdata          STemWin522_CM4_OS_Keil.lib(f24_ascii.o)
    0x0801e348   0x00000030   Data   RO         1673    .constdata          STemWin522_CM4_OS_Keil.lib(f24_ascii.o)
    0x0801e378   0x00000030   Data   RO         1674    .constdata          STemWin522_CM4_OS_Keil.lib(f24_ascii.o)
    0x0801e3a8   0x00000030   Data   RO         1675    .constdata          STemWin522_CM4_OS_Keil.lib(f24_ascii.o)
    0x0801e3d8   0x00000030   Data   RO         1676    .constdata          STemWin522_CM4_OS_Keil.lib(f24_ascii.o)
    0x0801e408   0x00000018   Data   RO         1677    .constdata          STemWin522_CM4_OS_Keil.lib(f24_ascii.o)
    0x0801e420   0x00000030   Data   RO         1678    .constdata          STemWin522_CM4_OS_Keil.lib(f24_ascii.o)
    0x0801e450   0x00000030   Data   RO         1679    .constdata          STemWin522_CM4_OS_Keil.lib(f24_ascii.o)
    0x0801e480   0x00000030   Data   RO         1680    .constdata          STemWin522_CM4_OS_Keil.lib(f24_ascii.o)
    0x0801e4b0   0x00000048   Data   RO         1681    .constdata          STemWin522_CM4_OS_Keil.lib(f24_ascii.o)
    0x0801e4f8   0x00000030   Data   RO         1682    .constdata          STemWin522_CM4_OS_Keil.lib(f24_ascii.o)
    0x0801e528   0x00000030   Data   RO         1683    .constdata          STemWin522_CM4_OS_Keil.lib(f24_ascii.o)
    0x0801e558   0x00000030   Data   RO         1684    .constdata          STemWin522_CM4_OS_Keil.lib(f24_ascii.o)
    0x0801e588   0x00000030   Data   RO         1685    .constdata          STemWin522_CM4_OS_Keil.lib(f24_ascii.o)
    0x0801e5b8   0x00000030   Data   RO         1686    .constdata          STemWin522_CM4_OS_Keil.lib(f24_ascii.o)
    0x0801e5e8   0x00000030   Data   RO         1687    .constdata          STemWin522_CM4_OS_Keil.lib(f24_ascii.o)
    0x0801e618   0x00000030   Data   RO         1688    .constdata          STemWin522_CM4_OS_Keil.lib(f24_ascii.o)
    0x0801e648   0x00000030   Data   RO         1689    .constdata          STemWin522_CM4_OS_Keil.lib(f24_ascii.o)
    0x0801e678   0x00000030   Data   RO         1690    .constdata          STemWin522_CM4_OS_Keil.lib(f24_ascii.o)
    0x0801e6a8   0x00000048   Data   RO         1691    .constdata          STemWin522_CM4_OS_Keil.lib(f24_ascii.o)
    0x0801e6f0   0x00000030   Data   RO         1692    .constdata          STemWin522_CM4_OS_Keil.lib(f24_ascii.o)
    0x0801e720   0x00000030   Data   RO         1693    .constdata          STemWin522_CM4_OS_Keil.lib(f24_ascii.o)
    0x0801e750   0x00000030   Data   RO         1694    .constdata          STemWin522_CM4_OS_Keil.lib(f24_ascii.o)
    0x0801e780   0x00000018   Data   RO         1695    .constdata          STemWin522_CM4_OS_Keil.lib(f24_ascii.o)
    0x0801e798   0x00000018   Data   RO         1696    .constdata          STemWin522_CM4_OS_Keil.lib(f24_ascii.o)
    0x0801e7b0   0x00000018   Data   RO         1697    .constdata          STemWin522_CM4_OS_Keil.lib(f24_ascii.o)
    0x0801e7c8   0x00000018   Data   RO         1698    .constdata          STemWin522_CM4_OS_Keil.lib(f24_ascii.o)
    0x0801e7e0   0x00000030   Data   RO         1699    .constdata          STemWin522_CM4_OS_Keil.lib(f24_ascii.o)
    0x0801e810   0x00000018   Data   RO         1700    .constdata          STemWin522_CM4_OS_Keil.lib(f24_ascii.o)
    0x0801e828   0x00000030   Data   RO         1701    .constdata          STemWin522_CM4_OS_Keil.lib(f24_ascii.o)
    0x0801e858   0x00000030   Data   RO         1702    .constdata          STemWin522_CM4_OS_Keil.lib(f24_ascii.o)
    0x0801e888   0x00000030   Data   RO         1703    .constdata          STemWin522_CM4_OS_Keil.lib(f24_ascii.o)
    0x0801e8b8   0x00000030   Data   RO         1704    .constdata          STemWin522_CM4_OS_Keil.lib(f24_ascii.o)
    0x0801e8e8   0x00000030   Data   RO         1705    .constdata          STemWin522_CM4_OS_Keil.lib(f24_ascii.o)
    0x0801e918   0x00000018   Data   RO         1706    .constdata          STemWin522_CM4_OS_Keil.lib(f24_ascii.o)
    0x0801e930   0x00000030   Data   RO         1707    .constdata          STemWin522_CM4_OS_Keil.lib(f24_ascii.o)
    0x0801e960   0x00000030   Data   RO         1708    .constdata          STemWin522_CM4_OS_Keil.lib(f24_ascii.o)
    0x0801e990   0x00000018   Data   RO         1709    .constdata          STemWin522_CM4_OS_Keil.lib(f24_ascii.o)
    0x0801e9a8   0x00000018   Data   RO         1710    .constdata          STemWin522_CM4_OS_Keil.lib(f24_ascii.o)
    0x0801e9c0   0x00000030   Data   RO         1711    .constdata          STemWin522_CM4_OS_Keil.lib(f24_ascii.o)
    0x0801e9f0   0x00000018   Data   RO         1712    .constdata          STemWin522_CM4_OS_Keil.lib(f24_ascii.o)
    0x0801ea08   0x00000030   Data   RO         1713    .constdata          STemWin522_CM4_OS_Keil.lib(f24_ascii.o)
    0x0801ea38   0x00000030   Data   RO         1714    .constdata          STemWin522_CM4_OS_Keil.lib(f24_ascii.o)
    0x0801ea68   0x00000030   Data   RO         1715    .constdata          STemWin522_CM4_OS_Keil.lib(f24_ascii.o)
    0x0801ea98   0x00000030   Data   RO         1716    .constdata          STemWin522_CM4_OS_Keil.lib(f24_ascii.o)
    0x0801eac8   0x00000030   Data   RO         1717    .constdata          STemWin522_CM4_OS_Keil.lib(f24_ascii.o)
    0x0801eaf8   0x00000018   Data   RO         1718    .constdata          STemWin522_CM4_OS_Keil.lib(f24_ascii.o)
    0x0801eb10   0x00000030   Data   RO         1719    .constdata          STemWin522_CM4_OS_Keil.lib(f24_ascii.o)
    0x0801eb40   0x00000018   Data   RO         1720    .constdata          STemWin522_CM4_OS_Keil.lib(f24_ascii.o)
    0x0801eb58   0x00000030   Data   RO         1721    .constdata          STemWin522_CM4_OS_Keil.lib(f24_ascii.o)
    0x0801eb88   0x00000030   Data   RO         1722    .constdata          STemWin522_CM4_OS_Keil.lib(f24_ascii.o)
    0x0801ebb8   0x00000030   Data   RO         1723    .constdata          STemWin522_CM4_OS_Keil.lib(f24_ascii.o)
    0x0801ebe8   0x00000030   Data   RO         1724    .constdata          STemWin522_CM4_OS_Keil.lib(f24_ascii.o)
    0x0801ec18   0x00000030   Data   RO         1725    .constdata          STemWin522_CM4_OS_Keil.lib(f24_ascii.o)
    0x0801ec48   0x00000030   Data   RO         1726    .constdata          STemWin522_CM4_OS_Keil.lib(f24_ascii.o)
    0x0801ec78   0x00000018   Data   RO         1727    .constdata          STemWin522_CM4_OS_Keil.lib(f24_ascii.o)
    0x0801ec90   0x00000018   Data   RO         1728    .constdata          STemWin522_CM4_OS_Keil.lib(f24_ascii.o)
    0x0801eca8   0x00000018   Data   RO         1729    .constdata          STemWin522_CM4_OS_Keil.lib(f24_ascii.o)
    0x0801ecc0   0x00000030   Data   RO         1730    .constdata          STemWin522_CM4_OS_Keil.lib(f24_ascii.o)
    0x0801ecf0   0x000002f8   Data   RO         1731    .constdata          STemWin522_CM4_OS_Keil.lib(f24_ascii.o)
    0x0801efe8   0x0000000c   Data   RO         1732    .constdata          STemWin522_CM4_OS_Keil.lib(f24_ascii.o)
    0x0801eff4   0x00000024   Data   RO         1733    .constdata          STemWin522_CM4_OS_Keil.lib(f24_ascii.o)
    0x0801f018   0x00000518   Data   RO         1734    .constdata          STemWin522_CM4_OS_Keil.lib(f6x8.o)
    0x0801f530   0x000001c0   Data   RO         1735    .constdata          STemWin522_CM4_OS_Keil.lib(f6x8.o)
    0x0801f6f0   0x00000008   Data   RO         1736    .constdata          STemWin522_CM4_OS_Keil.lib(f6x8.o)
    0x0801f6f8   0x00000014   Data   RO         1737    .constdata          STemWin522_CM4_OS_Keil.lib(f6x8.o)
    0x0801f70c   0x00000024   Data   RO         1738    .constdata          STemWin522_CM4_OS_Keil.lib(f6x8.o)
    0x0801f730   0x00000a30   Data   RO         1740    .constdata          STemWin522_CM4_OS_Keil.lib(f8x16.o)
    0x08020160   0x000001c0   Data   RO         1741    .constdata          STemWin522_CM4_OS_Keil.lib(f8x16.o)
    0x08020320   0x00000008   Data   RO         1742    .constdata          STemWin522_CM4_OS_Keil.lib(f8x16.o)
    0x08020328   0x00000014   Data   RO         1743    .constdata          STemWin522_CM4_OS_Keil.lib(f8x16.o)
    0x0802033c   0x00000024   Data   RO         1744    .constdata          STemWin522_CM4_OS_Keil.lib(f8x16.o)
    0x08020360   0x00000074   Data   RO         1768    .constdata          STemWin522_CM4_OS_Keil.lib(guidev_16.o)
    0x080203d4   0x00000100   Data   RO         1785    .constdata          STemWin522_CM4_OS_Keil.lib(gui__divtbl_255_31.o)
    0x080204d4   0x00000100   Data   RO         1786    .constdata          STemWin522_CM4_OS_Keil.lib(gui__divtbl_255_63.o)
    0x080205d4   0x00000020   Data   RO         1787    .constdata          STemWin522_CM4_OS_Keil.lib(gui__divtbl_31_255.o)
    0x080205f4   0x00000040   Data   RO         1788    .constdata          STemWin522_CM4_OS_Keil.lib(gui__divtbl_63_255.o)
    0x08020634   0x00000010   Data   RO         1909    .constdata          STemWin522_CM4_OS_Keil.lib(gui_uc_encodenone.o)
    0x08020644   0x0000000c   Data   RO         1935    .constdata          STemWin522_CM4_OS_Keil.lib(lcd.o)
    0x08020650   0x00000100   Data   RO         1970    .constdata          STemWin522_CM4_OS_Keil.lib(lcd_mirror.o)
    0x08020750   0x00000008   Data   RO         1981    .constdata          STemWin522_CM4_OS_Keil.lib(guidev_writetoactiveopaque.o)
    0x08020758   0x00000018   Data   RO         2192    .constdata          STemWin522_CM4_OS_Keil.lib(guicc_0.o)
    0x08020770   0x00000018   Data   RO         2514    .constdata          STemWin522_CM4_OS_Keil.lib(guicc_8888.o)
    0x08020788   0x00000074   Data   RO         2538    .constdata          STemWin522_CM4_OS_Keil.lib(guidev_32.o)
    0x080207fc   0x00000018   Data   RO         2578    .constdata          STemWin522_CM4_OS_Keil.lib(guidev_usagebm.o)
    0x08020814   0x00000028   Data   RO         2809    .constdata          c_w.l(_printf_hex_int.o)
    0x0802083c   0x00000079   Data   RO          468    .conststring        touch.o
    0x080208b5   0x00000058   Data   RO         1151    .conststring        exfuns.o
    0x0802090d   0x00000028   Data   RO         1313    .conststring        color_bar.o
    0x08020935   0x00000003   PAD
    0x08020938   0x00000020   Data   RO         3106    Region$$Table       anon$$obj.o


    Execution Region RW_IRAM1 (Base: 0x20000000, Size: 0x0001a880, Max: 0x00020000, ABSOLUTE, COMPRESSED[0x000000f4])

    Base Addr    Size         Type   Attr      Idx    E Section Name        Object

    0x20000000   0x00000014   Data   RW          283    .data               system_stm32f4xx.o
    0x20000014   0x00000004   Data   RW          323    .data               ili93xx.o
    0x20000018   0x00000001   Data   RW          449    .data               ott2001a.o
    0x20000019   0x00000003   PAD
    0x2000001c   0x00000040   Data   RW          469    .data               touch.o
    0x2000005c   0x00000010   Data   RW          496    .data               sdio_sdcard.o
    0x2000006c   0x00000002   Data   RW          545    .data               w25qxx.o
    0x2000006e   0x00000010   Data   RW          625    .data               stm32f4xx_rcc.o
    0x2000007e   0x00000004   Data   RW          739    .data               delay.o
    0x20000082   0x00000002   PAD
    0x20000084   0x00000008   Data   RW          768    .data               usart.o
    0x2000008c   0x00000024   Data   RW          800    .data               malloc.o
    0x200000b0   0x00000011   Data   RW          842    .data               gui_x_ucosii.o
    0x200000c1   0x00000003   PAD
    0x200000c4   0x00000008   Data   RW          861    .data               guidrv_template.o
    0x200000cc   0x00000002   Data   RW          944    .data               gui_x_touch_analog.o
    0x200000ce   0x00000002   PAD
    0x200000d0   0x00000048   Data   RW          963    .data               os_core.o
    0x20000118   0x00000154   Data   RW         1152    .data               exfuns.o
    0x2000026c   0x00000002   Data   RW         1225    .data               diskio.o
    0x2000026e   0x00000002   Data   RW         1248    .data               ff.o
    0x20000270   0x00000008   Data   RW         1332    .data               STemWin522_CM4_OS_Keil.lib(guicc_m565.o)
    0x20000278   0x00000008   Data   RW         1373    .data               STemWin522_CM4_OS_Keil.lib(gui_alloc.o)
    0x20000280   0x0000002c   Data   RW         1420    .data               STemWin522_CM4_OS_Keil.lib(gui_core.o)
    0x200002ac   0x00000004   Data   RW         1421    .data               STemWin522_CM4_OS_Keil.lib(gui_core.o)
    0x200002b0   0x00000004   Data   RW         1422    .data               STemWin522_CM4_OS_Keil.lib(gui_core.o)
    0x200002b4   0x00000004   Data   RW         1423    .data               STemWin522_CM4_OS_Keil.lib(gui_core.o)
    0x200002b8   0x00000004   Data   RW         1424    .data               STemWin522_CM4_OS_Keil.lib(gui_core.o)
    0x200002bc   0x00000002   Data   RW         1425    .data               STemWin522_CM4_OS_Keil.lib(gui_core.o)
    0x200002be   0x00000002   Data   RW         1426    .data               STemWin522_CM4_OS_Keil.lib(gui_core.o)
    0x200002c0   0x00000030   Data   RW         1496    .data               STemWin522_CM4_OS_Keil.lib(gui_touch_driveranalog.o)
    0x200002f0   0x00000004   Data   RW         1815    .data               STemWin522_CM4_OS_Keil.lib(gui_charline.o)
    0x200002f4   0x0000001c   Data   RW         1877    .data               STemWin522_CM4_OS_Keil.lib(gui_task.o)
    0x20000310   0x00000008   Data   RW         1887    .data               STemWin522_CM4_OS_Keil.lib(gui_touch_storeunstable.o)
    0x20000318   0x00000004   Data   RW         1936    .data               STemWin522_CM4_OS_Keil.lib(lcd.o)
    0x2000031c   0x00000010   Data   RW         1962    .data               STemWin522_CM4_OS_Keil.lib(lcd_color.o)
    0x2000032c   0x00000058   Data   RW         2042    .data               STemWin522_CM4_OS_Keil.lib(wm.o)
    0x20000384   0x00000001   Data   RW         2043    .data               STemWin522_CM4_OS_Keil.lib(wm.o)
    0x20000385   0x00000003   PAD
    0x20000388   0x00000008   Data   RW         2111    .data               STemWin522_CM4_OS_Keil.lib(gui__managecache.o)
    0x20000390   0x0000000c   Data   RW         2132    .data               STemWin522_CM4_OS_Keil.lib(gui_onkey.o)
    0x2000039c   0x00000008   Data   RW         2156    .data               STemWin522_CM4_OS_Keil.lib(gui_selectlayer.o)
    0x200003a4   0x0000000c   Data   RW         2180    .data               STemWin522_CM4_OS_Keil.lib(gui_waitevent.o)
    0x200003b0   0x00000004   Data   RW         2229    .data               STemWin522_CM4_OS_Keil.lib(guidev_banding.o)
    0x200003b4   0x00000001   Data   RW         2245    .data               STemWin522_CM4_OS_Keil.lib(guidev_staticdevices.o)
    0x200003b5   0x00000003   PAD
    0x200003b8   0x00000004   Data   RW         2257    .data               STemWin522_CM4_OS_Keil.lib(wm__sendmessage.o)
    0x200003bc   0x00000008   Data   RW         2299    .data               STemWin522_CM4_OS_Keil.lib(wm_touch.o)
    0x200003c4   0x00000028   Data   RW         2317    .data               STemWin522_CM4_OS_Keil.lib(gui__alpha.o)
    0x200003ec   0x00000008   Data   RW         2385    .data               STemWin522_CM4_OS_Keil.lib(gui_pid.o)
    0x200003f4   0x00000020   Data   RW         2430    .data               STemWin522_CM4_OS_Keil.lib(gui_setalpha.o)
    0x20000414   0x00000014   Data   RW         2486    .data               STemWin522_CM4_OS_Keil.lib(gui_timer.o)
    0x20000428   0x00000004   Data   RW         2738    .data               STemWin522_CM4_OS_Keil.lib(lcd_aa.o)
    0x2000042c   0x00002500   Zero   RW            3    .bss                main.o
    0x2000292c   0x0000000e   Zero   RW          321    .bss                ili93xx.o
    0x2000293a   0x00000006   PAD
    0x20002940   0x000002c0   Zero   RW          495    .bss                sdio_sdcard.o
    0x20002c00   0x00001000   Zero   RW          544    .bss                w25qxx.o
    0x20003c00   0x000000c8   Zero   RW          767    .bss                usart.o
    0x20003cc8   0x00015400   Zero   RW          798    .bss                malloc.o
    0x200190c8   0x00000a80   Zero   RW          961    .bss                os_core.o
    0x20019b48   0x0000000c   Zero   RW         1246    .bss                ff.o
    0x20019b54   0x00000021   Zero   RW         1266    .bss                fontupd.o
    0x20019b75   0x00000003   PAD
    0x20019b78   0x000000c8   Zero   RW         1372    .bss                STemWin522_CM4_OS_Keil.lib(gui_alloc.o)
    0x20019c40   0x00000078   Zero   RW         1418    .bss                STemWin522_CM4_OS_Keil.lib(gui_core.o)
    0x20019cb8   0x00000010   Zero   RW         1495    .bss                STemWin522_CM4_OS_Keil.lib(gui_touch_driveranalog.o)
    0x20019cc8   0x00000018   Zero   RW         2041    .bss                STemWin522_CM4_OS_Keil.lib(wm.o)
    0x20019ce0   0x00000058   Zero   RW         2131    .bss                STemWin522_CM4_OS_Keil.lib(gui_onkey.o)
    0x20019d38   0x0000000c   Zero   RW         2171    .bss                STemWin522_CM4_OS_Keil.lib(gui_touch_storestate.o)
    0x20019d44   0x00000048   Zero   RW         2298    .bss                STemWin522_CM4_OS_Keil.lib(wm_touch.o)
    0x20019d8c   0x00000028   Zero   RW         2346    .bss                STemWin522_CM4_OS_Keil.lib(gui_curs1.o)
    0x20019db4   0x00000048   Zero   RW         2384    .bss                STemWin522_CM4_OS_Keil.lib(gui_pid.o)
    0x20019dfc   0x0000000c   Zero   RW         2507    .bss                STemWin522_CM4_OS_Keil.lib(gui_touch.o)
    0x20019e08   0x00000018   Zero   RW         2613    .bss                STemWin522_CM4_OS_Keil.lib(wm_pid__getprevstate.o)
    0x20019e20   0x00000060   Zero   RW         2969    .bss                c_w.l(libspace.o)
    0x20019e80   0x00000200   Zero   RW          566    HEAP                startup_stm32f40_41xxx.o
    0x2001a080   0x00000800   Zero   RW          565    STACK               startup_stm32f40_41xxx.o



  Load Region LR$$.ARM.__AT_0x10000000 (Base: 0x10000000, Size: 0x00000000, Max: 0x0000f000, ABSOLUTE)

    Execution Region ER$$.ARM.__AT_0x10000000 (Base: 0x10000000, Size: 0x0000f000, Max: 0x0000f000, ABSOLUTE, UNINIT)

    Base Addr    Size         Type   Attr      Idx    E Section Name        Object

    0x10000000   0x0000f000   Zero   RW          794    .ARM.__AT_0x10000000  malloc.o



  Load Region LR$$.ARM.__AT_0x1000F000 (Base: 0x1000f000, Size: 0x00000000, Max: 0x00000f00, ABSOLUTE)

    Execution Region ER$$.ARM.__AT_0x1000F000 (Base: 0x1000f000, Size: 0x00000f00, Max: 0x00000f00, ABSOLUTE, UNINIT)

    Base Addr    Size         Type   Attr      Idx    E Section Name        Object

    0x1000f000   0x00000f00   Zero   RW          795    .ARM.__AT_0x1000F000  malloc.o



  Load Region LR$$.ARM.__AT_0x68000000 (Base: 0x68000000, Size: 0x00000000, Max: 0x000c8000, ABSOLUTE)

    Execution Region ER$$.ARM.__AT_0x68000000 (Base: 0x68000000, Size: 0x000c8000, Max: 0x000c8000, ABSOLUTE, UNINIT)

    Base Addr    Size         Type   Attr      Idx    E Section Name        Object

    0x68000000   0x000c8000   Zero   RW          796    .ARM.__AT_0x68000000  malloc.o



  Load Region LR$$.ARM.__AT_0x680C8000 (Base: 0x680c8000, Size: 0x00000000, Max: 0x0000c800, ABSOLUTE)

    Execution Region ER$$.ARM.__AT_0x680C8000 (Base: 0x680c8000, Size: 0x0000c800, Max: 0x0000c800, ABSOLUTE, UNINIT)

    Base Addr    Size         Type   Attr      Idx    E Section Name        Object

    0x680c8000   0x0000c800   Zero   RW          797    .ARM.__AT_0x680C8000  malloc.o


==============================================================================

Image component sizes


      Code (inc. data)   RO Data    RW Data    ZI Data      Debug   Object Name

       378          0          0          0          0       2870   24cxx.o
       352         34        132          0          0       1893   color_bar.o
       616         30          0          0          0       2157   ctiic.o
       264         18          0          4          0       1587   delay.o
       460         10          0          2          0       4574   diskio.o
       420         22         88        340          0       5600   exfuns.o
     12952        142         58          2         12      35006   ff.o
         0          0          0          0         33       1601   fontupd.o
       364         34          0          2          0       1660   gui_x_touch_analog.o
       276         24          0         17          0       3299   gui_x_ucosii.o
        44          6          0          0          0        723   guiconf.o
      3300        110         52          8          0      57768   guidrv_template.o
     18224        140       6080          4         14      22351   ili93xx.o
       444         14          0          0          0       1247   lcdconf_flexcolor_template.o
        64         10          0          0          0        627   led.o
       292         32          0          0       9472     379493   main.o
       560         18         36         36    1022720       5221   malloc.o
       228         22          0          0          0       2157   misc.o
       204         12        960          0          0       1849   mycc936.o
       628         20          0          0          0       1996   myiic.o
      2220        220        256         72       2688      15515   os_core.o
       200         32          0          0          0        364   os_cpu_a.o
       452          6          0          0          0      11062   os_cpu_c.o
      2072         40          0          0          0       7104   os_flag.o
       972         16          0          0          0       4326   os_mbox.o
      1512         30          0          0          0       5733   os_q.o
       908         18          0          0          0       4074   os_sem.o
      1996         70          0          0          0       7761   os_task.o
       440         30          0          0          0       1906   os_time.o
      1008         64         10          1          0       2962   ott2001a.o
      7478        294          0         16        704      23806   sdio_sdcard.o
       288          8          0          0          0       1301   spi.o
        64         26        392          0       2560        876   startup_stm32f40_41xxx.o
       932         32          0          0          0       6637   stm32f4xx_dma.o
      1500         60         28          0          0       6062   stm32f4xx_fsmc.o
       660         44          0          0          0       4433   stm32f4xx_gpio.o
        22          0          0          0          0       1135   stm32f4xx_it.o
      1628         52          0         16          0      13344   stm32f4xx_rcc.o
       484         30          0          0          0       7724   stm32f4xx_sdio.o
      1148         36          0          0          0       7185   stm32f4xx_spi.o
      3234         60          0          0          0      22636   stm32f4xx_tim.o
      1108         34          0          0          0       8136   stm32f4xx_usart.o
        24          0          0          0          0        704   sys.o
       524         44          0         20          0       2083   system_stm32f4xx.o
       232          8          0          0          0       1326   timer.o
      4232        224        121         64          0       7029   touch.o
       344         16          0          8        200       3594   usart.o
       916         34          0          2       4096       4629   w25qxx.o

    ----------------------------------------------------------------------
     76676       2226       8252        624    1042508     717126   Object Totals
         0          0         32          0          0          0   (incl. Generated)
         8          0          7         10          9          0   (incl. Padding)

    ----------------------------------------------------------------------

      Code (inc. data)   RO Data    RW Data    ZI Data      Debug   Library Member Name

         0          0       4792          0          0          0   f24_ascii.o
         0          0       1816          0          0          0   f6x8.o
         0          0       3120          0          0          0   f8x16.o
       830         34          0         40          0        796   gui__alpha.o
       668          0          0          0          0        256   gui__compactpixelindices.o
         0          0        256          0          0          0   gui__divtbl_255_31.o
         0          0        256          0          0          0   gui__divtbl_255_63.o
         0          0         32          0          0          0   gui__divtbl_31_255.o
         0          0         64          0          0          0   gui__divtbl_63_255.o
       320          0          0          0          0        156   gui__expandpixelindices.o
        24          0          0          0          0        116   gui__handleeoline.o
        58          0          0          0          0        116   gui__intersectrect.o
        82          0          0          0          0        128   gui__intersectrects.o
       188          8          0          8          0        248   gui__managecache.o
        76          0          0          0          0        124   gui__memset.o
        58          0          0          0          0        124   gui__memset16.o
      1834        116          0          8        200       3112   gui_alloc.o
        46          0          0          0          0        128   gui_alloc_alloczero.o
        68          0          0          0          0        124   gui_calccolordist.o
       164         20          0          0          0        500   gui_char.o
       458         36          0          4          0        760   gui_charline.o
       394         12          0          0          0        492   gui_charm.o
       312         12          0          0          0        624   gui_charp.o
       476         78          8         64        120       1004   gui_core.o
       120          6          0          0         40        136   gui_curs1.o
       426         32          8          0          0       1108   gui_device.o
       264          4          0          0          0        136   gui_dispstring.o
        40          6          0          0          0        136   gui_dispstringat.o
        52          4          0          0          0        140   gui_dispstringhcenter.o
       408          4          0          0          0        392   gui_dispstringinrect.o
       498          8          0          0          0        300   gui_drawgradient.o
        52          4          0          0          0        248   gui_exec.o
       160          0          0          0          0        248   gui_getbitmappixelindex.o
        10          0          0          0          0        116   gui_getclientrect.o
        48          0          0          0          0        248   gui_getcolor.o
        54         10          0          0          0        252   gui_getorg.o
        66         12          0          0          0        360   gui_goto.o
        88          0          0          0          0        124   gui_mergerect.o
        30          0          0          0          0        116   gui_moverect.o
       102         12          0         12         88        476   gui_onkey.o
        28          4          0          0          0        128   gui_pen.o
       256         36          0          8         72        732   gui_pid.o
        56          0          0          0          0        116   gui_rectsintersect.o
        32         10          0          0          0        232   gui_savecontext.o
       138         14          0          8          0        508   gui_selectlayer.o
        26          0          0          0          0        128   gui_selectlcd.o
        36          4          0         32          0        124   gui_setalpha.o
        44          0          0          0          0        256   gui_setcolor.o
        64          6          0          0          0        128   gui_setdefault.o
        24          0          0          0          0        124   gui_setdrawmode.o
        32          6          0          0          0        128   gui_setfont.o
        28          4          0          0          0        128   gui_setlinestyle.o
        64         16          0          0          0        136   gui_setorg.o
        32          6          0          0          0        128   gui_settextalign.o
        32          6          0          0          0        128   gui_settextmode.o
      1196          4          0          0          0        960   gui_sprite.o
       308         36          0         28          0        632   gui_task.o
       104          6          0          0          0        132   gui_time.o
       354         16          0         20          0        772   gui_timer.o
        40          4          0          0         12        132   gui_touch.o
       656         46          0         48         16        760   gui_touch_driveranalog.o
        36          6          0          0         12        116   gui_touch_storestate.o
        48          6          0          8          0        136   gui_touch_storeunstable.o
        84         10          0          0          0        264   gui_uc.o
        18          0         16          0          0        464   gui_uc_encodenone.o
        16          4          0         12          0        116   gui_waitevent.o
       198          0         24          0          0        388   guicc_0.o
        36          0         24          0          0        480   guicc_8888.o
         2          0          0          0          0        116   guicc_8888_index2color.o
         2          0          0          0          0        116   guicc_888_index2color.o
       214         36         24          8          0        528   guicc_m565.o
        44         10          0          0          0        124   guicc_m565_index2color.o
       806         38          0          0          0       1060   guidev.o
      2268         60        116          0          0       2092   guidev_16.o
      2320         62        116          0          0       2244   guidev_32.o
       300         10          0          4          0        260   guidev_banding.o
        68          4          0          0          0        124   guidev_clear.o
        34          0          0          0          0        128   guidev_getdataptr.o
        52          6          0          0          0        128   guidev_getysize.o
        56          4          0          0          0        128   guidev_reduceysize.o
       100          4          0          0          0        128   guidev_setorg.o
       308         12          0          1          0        272   guidev_staticdevices.o
        84          0          0          0          0        260   guidev_usage.o
       460          4         24          0          0        748   guidev_usagebm.o
       116          4          0          0          0        244   guidev_write.o
       280         14          0          0          0        144   guidev_writetoactivealpha.o
      1698         18          8          0          0        576   guidev_writetoactiveopaque.o
      1734        118         12          4          0       2292   lcd.o
        16          6          0          4          0        116   lcd_aa.o
       260         26          0         16          0        628   lcd_color.o
        32         12          0          0          0        232   lcd_getcolorindex.o
       384         32          0          0          0       2252   lcd_getex.o
        26          0          0          0          0        128   lcd_getnumdisplays.o
         0          0        256          0          0          0   lcd_mirror.o
       504         18          0          0          0        276   lcd_readrect.o
        68         10          0          0          0        128   lcd_selectlcd.o
       220          0          0          0          0        660   lcd_set.o
        48         10          0          0          0        128   lcd_setcliprectex.o
        36          4          0          0          0        128   lcd_updatecolorindices.o
      4656        222          0         89         24       6576   wm.o
        18          0          0          0          0        124   wm__getfirstsibling.o
        36          0          0          0          0        128   wm__getprevsibling.o
        34          0          0          0          0        128   wm__isancestor.o
        22          0          0          0          0        124   wm__isenabled.o
        60          6          0          4          0        136   wm__sendmessage.o
        28          0          0          0          0        140   wm__sendmessageifenabled.o
        38          0          0          0          0        128   wm__sendmessagenopara.o
       220          0          0          0          0        144   wm__updatechildpositions.o
       136          0          0          0          0        140   wm_bringtobottom.o
        60         12          0          0          0        232   wm_criticalhandle.o
       102         10          0          0          0        392   wm_getclientrect.o
        24         10          0          0          0        116   wm_getdesktopwindow.o
        20          4          0          0          0        116   wm_getdesktopwindowex.o
        26          0          0          0          0        124   wm_getfirstchild.o
        26          0          0          0          0        124   wm_getparent.o
        24          0          0          0          0        124   wm_iswindow.o
       292          0          0          0          0        416   wm_move.o
        16          0          0          0          0        124   wm_notifyparent.o
        64          8          0          0          0        136   wm_onkey.o
        28          4          0          0         24        116   wm_pid__getprevstate.o
       246          0          0          0          0        136   wm_resizewindow.o
       204          6          0          0          0        516   wm_screen2win.o
        26          0          0          0          0        136   wm_sendmessagenopara.o
        38          0          0          0          0        140   wm_sendtoparent.o
        62          8          0          0          0        256   wm_setcapture.o
        72          0          0          0          0        132   wm_setsize.o
        32          4          0          0          0        128   wm_setusercliprect.o
       124          0          0          0          0        260   wm_timer.o
      1064         38          0          8         72        532   wm_touch.o
        90          0          0          0          0          0   __dczerorl2.o
         8          0          0          0          0         68   __main.o
       104          0          0          0          0         84   __printf.o
        52          8          0          0          0          0   __scatter.o
        28          0          0          0          0          0   __scatter_zi.o
        48          6          0          0          0         96   _printf_char_common.o
        36          4          0          0          0         80   _printf_char_file.o
        92          4         40          0          0         88   _printf_hex_int.o
       184          0          0          0          0         88   _printf_intcommon.o
         0          0          0          0          0          0   _printf_percent.o
         4          0          0          0          0          0   _printf_percent_end.o
         6          0          0          0          0          0   _printf_x.o
        22          0          0          0          0        100   _rserrno.o
        16          0          0          0          0         68   aeabi_memset.o
        12          0          0          0          0         72   exit.o
         8          0          0          0          0         68   ferror.o
         6          0          0          0          0        152   heapauxi.o
         2          0          0          0          0          0   libinit.o
         6          0          0          0          0          0   libinit2.o
         2          0          0          0          0          0   libshutdown.o
         2          0          0          0          0          0   libshutdown2.o
         8          4          0          0         96         68   libspace.o
        72          0          0          0          0         76   llsdiv.o
       238          0          0          0          0        100   lludivv7m.o
        88          0          0          0          0         76   memcmp.o
        24          4          0          0          0         84   noretval__2printf.o
         8          4          0          0          0         68   rt_errno_addr_intlibspace.o
        68          0          0          0          0         68   rt_memclr.o
        78          0          0          0          0         80   rt_memclr_w.o
       138          0          0          0          0         68   rt_memcpy_v6.o
       100          0          0          0          0         80   rt_memcpy_w.o
       132          0          0          0          0         68   rt_memmove_v6.o
       122          0          0          0          0         80   rt_memmove_w.o
         0          0          0          0          0          0   rtentry.o
        12          0          0          0          0          0   rtentry2.o
         6          0          0          0          0          0   rtentry4.o
         2          0          0          0          0          0   rtexit.o
        10          0          0          0          0          0   rtexit2.o
       128          0          0          0          0         68   strcmpv7m.o
        72          0          0          0          0         80   strcpy.o
        74          0          0          0          0         80   sys_stackheap_outer.o
         2          0          0          0          0         68   use_no_semi.o
         2          0          0          0          0         68   use_no_semi_2.o
       826         16          0          0          0        492   daddsub_clz.o
        24          0          0          0          0        116   dcmpi.o
        90          4          0          0          0        140   dfixu.o
        84          0          0          0          0        232   dflt_clz.o
       120          4          0          0          0        140   dleqf.o
       340         12          0          0          0        152   dmul.o
       156          4          0          0          0        140   dnaninf.o
        12          0          0          0          0        116   dretinf.o
       108          0          0          0          0        128   drleqf.o
       408         56          0          0          0        168   dsqrt_umaal.o
        86          4          0          0          0        132   f2d.o
       140          4          0          0          0        132   fnaninf.o
        10          0          0          0          0        116   fpinit.o
         0          0          0          0          0          0   usenofp.o
       122          0          0          0          0        148   sqrt.o

    ----------------------------------------------------------------------
     37524       1660      11012        444        776      54828   Library Totals
        88          0          0          6          0          0   (incl. Padding)

    ----------------------------------------------------------------------

      Code (inc. data)   RO Data    RW Data    ZI Data      Debug   Library Name

     32798       1522      10972        438        680      50232   STemWin522_CM4_OS_Keil.lib
      2112         34         40          0         96       2244   c_w.l
      2404        104          0          0          0       2204   fz_wm.l
       122          0          0          0          0        148   m_wm.l

    ----------------------------------------------------------------------
     37524       1660      11012        444        776      54828   Library Totals

    ----------------------------------------------------------------------

==============================================================================


      Code (inc. data)   RO Data    RW Data    ZI Data      Debug   

    114200       3886      19264       1068    1043284     720602   Grand Totals
    114200       3886      19264        244    1043284     720602   ELF Image Totals (compressed)
    114200       3886      19264        244          0          0   ROM Totals

==============================================================================

    Total RO  Size (Code + RO Data)               133464 ( 130.34kB)
    Total RW  Size (RW Data + ZI Data)           1044352 (1019.88kB)
    Total ROM Size (Code + RO Data + RW Data)     133708 ( 130.57kB)

==============================================================================

