<html>
<body>
<pre>
<h1>礦ision Build Log</h1>
<h2>Project:</h2>
E:\完成设计的产品\(MCUDEV)-STM32开发板系列\(MCUDEV)STM32_F4VE\STM32F407VET6资料\STM32F407VET6最小系统板--资料\2，STM32F4xx扩展例程\1，emWin扩展例程\emWin实验4 数值显示\USER\Template.uvproj
Project File Date:  09/08/2015

<h2>Output:</h2>
Build target 'Template'
compiling main.c...
..\USER\stm32f4xx.h(89): warning:  #47-D: incompatible redefinition of macro "STM32F40_41xxx"
compiling stm32f4xx_it.c...
stm32f4xx.h(89): warning:  #47-D: incompatible redefinition of macro "STM32F40_41xxx"
compiling system_stm32f4xx.c...
stm32f4xx.h(89): warning:  #47-D: incompatible redefinition of macro "STM32F40_41xxx"
linking...
Program Size: Code=113218 RO-data=20106 RW-data=1044 ZI-data=1043284  
FromELF: creating hex file...
"..\OBJ\Template.axf" - 0 Errors, 3 Warning(s).
