<html>
<body>
<pre>
<h1>礦ision Build Log</h1>
<h2>Project:</h2>
C:\Users\Ping\Desktop\STM32F407VET6资料\2，标准例程-库函数版本\实验39 FATFS实验\USER\FATFS.uvproj
Project File Date:  09/02/2015

<h2>Output:</h2>
Rebuild target 'FATFS'
compiling main.c...
..\USER\stm32f4xx.h(89): warning:  #47-D: incompatible redefinition of macro "STM32F40_41xxx"
compiling stm32f4xx_it.c...
stm32f4xx.h(89): warning:  #47-D: incompatible redefinition of macro "STM32F40_41xxx"
compiling system_stm32f4xx.c...
stm32f4xx.h(89): warning:  #47-D: incompatible redefinition of macro "STM32F40_41xxx"
compiling led.c...
..\USER\stm32f4xx.h(89): warning:  #47-D: incompatible redefinition of macro "STM32F40_41xxx"
compiling lcd.c...
..\USER\stm32f4xx.h(89): warning:  #47-D: incompatible redefinition of macro "STM32F40_41xxx"
compiling key.c...
..\USER\stm32f4xx.h(89): warning:  #47-D: incompatible redefinition of macro "STM32F40_41xxx"
compiling spi.c...
..\USER\stm32f4xx.h(89): warning:  #47-D: incompatible redefinition of macro "STM32F40_41xxx"
compiling w25qxx.c...
..\USER\stm32f4xx.h(89): warning:  #47-D: incompatible redefinition of macro "STM32F40_41xxx"
compiling sdio_sdcard.c...
..\USER\stm32f4xx.h(89): warning:  #47-D: incompatible redefinition of macro "STM32F40_41xxx"
compiling delay.c...
..\USER\stm32f4xx.h(89): warning:  #47-D: incompatible redefinition of macro "STM32F40_41xxx"
compiling sys.c...
..\USER\stm32f4xx.h(89): warning:  #47-D: incompatible redefinition of macro "STM32F40_41xxx"
compiling usart.c...
..\USER\stm32f4xx.h(89): warning:  #47-D: incompatible redefinition of macro "STM32F40_41xxx"
assembling startup_stm32f40_41xxx.s...
compiling misc.c...
..\USER\stm32f4xx.h(89): warning:  #47-D: incompatible redefinition of macro "STM32F40_41xxx"
compiling stm32f4xx_gpio.c...
..\USER\stm32f4xx.h(89): warning:  #47-D: incompatible redefinition of macro "STM32F40_41xxx"
compiling stm32f4xx_fsmc.c...
..\USER\stm32f4xx.h(89): warning:  #47-D: incompatible redefinition of macro "STM32F40_41xxx"
compiling stm32f4xx_sdio.c...
..\USER\stm32f4xx.h(89): warning:  #47-D: incompatible redefinition of macro "STM32F40_41xxx"
compiling stm32f4xx_rcc.c...
..\USER\stm32f4xx.h(89): warning:  #47-D: incompatible redefinition of macro "STM32F40_41xxx"
compiling stm32f4xx_syscfg.c...
..\USER\stm32f4xx.h(89): warning:  #47-D: incompatible redefinition of macro "STM32F40_41xxx"
compiling stm32f4xx_usart.c...
..\USER\stm32f4xx.h(89): warning:  #47-D: incompatible redefinition of macro "STM32F40_41xxx"
compiling stm32f4xx_dma.c...
..\USER\stm32f4xx.h(89): warning:  #47-D: incompatible redefinition of macro "STM32F40_41xxx"
compiling stm32f4xx_tim.c...
..\USER\stm32f4xx.h(89): warning:  #47-D: incompatible redefinition of macro "STM32F40_41xxx"
compiling stm32f4xx_spi.c...
..\USER\stm32f4xx.h(89): warning:  #47-D: incompatible redefinition of macro "STM32F40_41xxx"
compiling malloc.c...
..\USER\stm32f4xx.h(89): warning:  #47-D: incompatible redefinition of macro "STM32F40_41xxx"
compiling usmart.c...
..\USER\stm32f4xx.h(89): warning:  #47-D: incompatible redefinition of macro "STM32F40_41xxx"
compiling usmart_config.c...
..\USER\stm32f4xx.h(89): warning:  #47-D: incompatible redefinition of macro "STM32F40_41xxx"
compiling usmart_str.c...
..\USER\stm32f4xx.h(89): warning:  #47-D: incompatible redefinition of macro "STM32F40_41xxx"
compiling diskio.c...
..\USER\stm32f4xx.h(89): warning:  #47-D: incompatible redefinition of macro "STM32F40_41xxx"
compiling ff.c...
compiling exfuns.c...
..\USER\stm32f4xx.h(89): warning:  #47-D: incompatible redefinition of macro "STM32F40_41xxx"
compiling fattester.c...
..\USER\stm32f4xx.h(89): warning:  #47-D: incompatible redefinition of macro "STM32F40_41xxx"
compiling cc936.c...
linking...
Program Size: Code=63496 RO-data=182856 RW-data=620 ZI-data=1225332  
FromELF: creating hex file...
"..\OBJ\FATFS.axf" - 0 Errors, 29 Warning(s).
Load "..\\OBJ\\FATFS.axf" 
Erase Done.
Programming Done.
Verify OK.
Build target 'FATFS'
linking...
Program Size: Code=63496 RO-data=182856 RW-data=620 ZI-data=1225332  
FromELF: creating hex file...
"..\OBJ\FATFS.axf" - 0 Errors, 0 Warning(s).
Load "..\\OBJ\\FATFS.axf" 
Erase Done.
Programming Done.
Verify OK.
