<html>
<body>
<pre>
<h1>礦ision Build Log</h1>
<h2>Tool Versions:</h2>
IDE-Version: μVision V5.18a
Copyright (C) 2016 ARM Ltd and ARM Germany GmbH. All rights reserved.
License Information: Microsoft, Microsoft, LIC=SDARA-1ZVAV-V15P8-39U89-4HUEL-NH8CA
 
Tool Versions:
Toolchain:       MDK-ARM Standard  Version: 5.18a
Toolchain Path:  C:\Keil_v5\ARM\ARMCC\Bin
C Compiler:      Armcc.exe V5.06 update 1 (build 61)
Assembler:       Armasm.exe V5.06 update 1 (build 61)
Linker/Locator:  ArmLink.exe V5.06 update 1 (build 61)
Library Manager: ArmAr.exe V5.06 update 1 (build 61)
Hex Converter:   FromElf.exe V5.06 update 1 (build 61)
CPU DLL:         SARMCM3.DLL V5.18a
Dialog DLL:      DCM.DLL V1.13.6.0
Target DLL:      UL2CM3.DLL V1.157.10.0
Dialog DLL:      TCM.DLL V1.14.8.0
 
<h2>Project:</h2>
E:\完成设计的产品\(MCUDEV)-STM32开发板系列\(MCUDEV)STM32_F4VE\STM32F407VET6资料\STM32F407VET6最小系统板--资料1606\1，STM32F4xx标准例程\例程22 触摸屏实验\USER\TOUCH.uvproj
Project File Date:  07/26/2016

<h2>Output:</h2>
*** Using Compiler 'V5.06 update 1 (build 61)', folder: 'C:\Keil_v5\ARM\ARMCC\Bin'
Rebuild target 'TOUCH'
compiling stm32f4xx_it.c...
stm32f4xx.h(89): warning:  #47-D: incompatible redefinition of macro "STM32F40_41xxx"
    #define STM32F40_41xxx
stm32f4xx_it.c: 1 warning, 0 errors
compiling system_stm32f4xx.c...
stm32f4xx.h(89): warning:  #47-D: incompatible redefinition of macro "STM32F40_41xxx"
    #define STM32F40_41xxx
system_stm32f4xx.c: 1 warning, 0 errors
compiling main.c...
..\USER\stm32f4xx.h(89): warning:  #47-D: incompatible redefinition of macro "STM32F40_41xxx"
    #define STM32F40_41xxx
main.c: 1 warning, 0 errors
compiling key.c...
..\USER\stm32f4xx.h(89): warning:  #47-D: incompatible redefinition of macro "STM32F40_41xxx"
    #define STM32F40_41xxx
..\HARDWARE\KEY\key.c: 1 warning, 0 errors
compiling led.c...
..\USER\stm32f4xx.h(89): warning:  #47-D: incompatible redefinition of macro "STM32F40_41xxx"
    #define STM32F40_41xxx
..\HARDWARE\LED\led.c: 1 warning, 0 errors
compiling lcd.c...
..\USER\stm32f4xx.h(89): warning:  #47-D: incompatible redefinition of macro "STM32F40_41xxx"
    #define STM32F40_41xxx
..\HARDWARE\LCD\lcd.c: 1 warning, 0 errors
compiling 24cxx.c...
..\USER\stm32f4xx.h(89): warning:  #47-D: incompatible redefinition of macro "STM32F40_41xxx"
    #define STM32F40_41xxx
..\HARDWARE\24CXX\24cxx.c: 1 warning, 0 errors
compiling myiic.c...
..\USER\stm32f4xx.h(89): warning:  #47-D: incompatible redefinition of macro "STM32F40_41xxx"
    #define STM32F40_41xxx
..\HARDWARE\IIC\myiic.c: 1 warning, 0 errors
compiling ctiic.c...
..\USER\stm32f4xx.h(89): warning:  #47-D: incompatible redefinition of macro "STM32F40_41xxx"
    #define STM32F40_41xxx
..\HARDWARE\TOUCH\ctiic.c: 1 warning, 0 errors
compiling ott2001a.c...
..\USER\stm32f4xx.h(89): warning:  #47-D: incompatible redefinition of macro "STM32F40_41xxx"
    #define STM32F40_41xxx
..\HARDWARE\TOUCH\ott2001a.c: 1 warning, 0 errors
compiling gt9147.c...
..\USER\stm32f4xx.h(89): warning:  #47-D: incompatible redefinition of macro "STM32F40_41xxx"
    #define STM32F40_41xxx
..\HARDWARE\TOUCH\gt9147.c: 1 warning, 0 errors
compiling touch.c...
..\USER\stm32f4xx.h(89): warning:  #47-D: incompatible redefinition of macro "STM32F40_41xxx"
    #define STM32F40_41xxx
..\HARDWARE\TOUCH\touch.c: 1 warning, 0 errors
compiling delay.c...
..\USER\stm32f4xx.h(89): warning:  #47-D: incompatible redefinition of macro "STM32F40_41xxx"
    #define STM32F40_41xxx
..\SYSTEM\delay\delay.c: 1 warning, 0 errors
compiling sys.c...
..\USER\stm32f4xx.h(89): warning:  #47-D: incompatible redefinition of macro "STM32F40_41xxx"
    #define STM32F40_41xxx
..\SYSTEM\sys\sys.c: 1 warning, 0 errors
assembling startup_stm32f40_41xxx.s...
compiling usart.c...
..\USER\stm32f4xx.h(89): warning:  #47-D: incompatible redefinition of macro "STM32F40_41xxx"
    #define STM32F40_41xxx
..\SYSTEM\usart\usart.c: 1 warning, 0 errors
compiling stm32f4xx_gpio.c...
..\USER\stm32f4xx.h(89): warning:  #47-D: incompatible redefinition of macro "STM32F40_41xxx"
    #define STM32F40_41xxx
..\FWLIB\src\stm32f4xx_gpio.c: 1 warning, 0 errors
compiling stm32f4xx_fsmc.c...
..\USER\stm32f4xx.h(89): warning:  #47-D: incompatible redefinition of macro "STM32F40_41xxx"
    #define STM32F40_41xxx
..\FWLIB\src\stm32f4xx_fsmc.c: 1 warning, 0 errors
compiling misc.c...
..\USER\stm32f4xx.h(89): warning:  #47-D: incompatible redefinition of macro "STM32F40_41xxx"
    #define STM32F40_41xxx
..\FWLIB\src\misc.c: 1 warning, 0 errors
compiling stm32f4xx_rcc.c...
..\USER\stm32f4xx.h(89): warning:  #47-D: incompatible redefinition of macro "STM32F40_41xxx"
    #define STM32F40_41xxx
..\FWLIB\src\stm32f4xx_rcc.c: 1 warning, 0 errors
compiling stm32f4xx_syscfg.c...
..\USER\stm32f4xx.h(89): warning:  #47-D: incompatible redefinition of macro "STM32F40_41xxx"
    #define STM32F40_41xxx
..\FWLIB\src\stm32f4xx_syscfg.c: 1 warning, 0 errors
compiling stm32f4xx_usart.c...
..\USER\stm32f4xx.h(89): warning:  #47-D: incompatible redefinition of macro "STM32F40_41xxx"
    #define STM32F40_41xxx
..\FWLIB\src\stm32f4xx_usart.c: 1 warning, 0 errors
linking...
Program Size: Code=37692 RO-data=6916 RW-data=112 ZI-data=1848  
FromELF: creating hex file...
"..\OBJ\TOUCH.axf" - 0 Error(s), 21 Warning(s).
Build Time Elapsed:  00:00:11
</pre>
</body>
</html>
