<html>
<body>
<pre>
<h1>礦ision Build Log</h1>
<h2>Project:</h2>
C:\Users\Ping\Desktop\STM32F407VET6资料\2，标准例程-库函数版本\实验34 FLASH模拟EEPROM实验\USER\STMFLASH.uvproj
Project File Date:  09/22/2014

<h2>Output:</h2>
Rebuild target 'STMFLASH'
compiling main.c...
compiling stm32f4xx_it.c...
compiling system_stm32f4xx.c...
compiling led.c...
compiling lcd.c...
compiling key.c...
compiling stmflash.c...
compiling delay.c...
compiling sys.c...
compiling usart.c...
assembling startup_stm32f40_41xxx.s...
compiling misc.c...
compiling stm32f4xx_gpio.c...
compiling stm32f4xx_fsmc.c...
compiling stm32f4xx_flash.c...
compiling stm32f4xx_rcc.c...
compiling stm32f4xx_usart.c...
compiling stm32f4xx_syscfg.c...
linking...
Program Size: Code=28362 RO-data=6590 RW-data=56 ZI-data=1848  
FromELF: creating hex file...
"..\OBJ\STMFLASH.axf" - 0 Errors, 0 Warning(s).
Build target 'STMFLASH'
compiling main.c...
compiling stmflash.c...
linking...
Program Size: Code=28362 RO-data=6590 RW-data=56 ZI-data=1848  
FromELF: creating hex file...
"..\OBJ\STMFLASH.axf" - 0 Errors, 0 Warning(s).
Load "..\\OBJ\\STMFLASH.axf" 
Erase Done.
Programming Done.
Verify OK.
