<html>
<body>
<pre>
<h1>礦ision Build Log</h1>
<h2>Project:</h2>
C:\Users\Ping\Desktop\STM32F407VET6资料\2，标准例程-库函数版本\实验18 ADC实验\USER\ADC.uvproj
Project File Date:  10/04/2014

<h2>Output:</h2>
Build target 'ADC'
compiling main.c...
compiling stm32f4xx_it.c...
compiling system_stm32f4xx.c...
compiling led.c...
compiling lcd.c...
compiling adc.c...
compiling delay.c...
compiling sys.c...
compiling usart.c...
assembling startup_stm32f40_41xxx.s...
compiling misc.c...
compiling stm32f4xx_adc.c...
compiling stm32f4xx_gpio.c...
compiling stm32f4xx_fsmc.c...
compiling stm32f4xx_rcc.c...
compiling stm32f4xx_usart.c...
compiling stm32f4xx_syscfg.c...
linking...
Program Size: Code=28262 RO-data=6574 RW-data=52 ZI-data=1852  
FromELF: creating hex file...
"..\OBJ\ADC.axf" - 0 Errors, 0 Warning(s).
Build target 'ADC'
compiling main.c...
compiling led.c...
compiling lcd.c...
compiling adc.c...
compiling delay.c...
compiling sys.c...
compiling usart.c...
linking...
Program Size: Code=28262 RO-data=6574 RW-data=52 ZI-data=1852  
FromELF: creating hex file...
"..\OBJ\ADC.axf" - 0 Errors, 0 Warning(s).
Load "..\\OBJ\\ADC.axf" 
Build target 'ADC'
compiling main.c...
..\USER\stm32f4xx.h(89): warning:  #47-D: incompatible redefinition of macro "STM32F40_41xxx"
compiling stm32f4xx_it.c...
stm32f4xx.h(89): warning:  #47-D: incompatible redefinition of macro "STM32F40_41xxx"
compiling system_stm32f4xx.c...
stm32f4xx.h(89): warning:  #47-D: incompatible redefinition of macro "STM32F40_41xxx"
compiling led.c...
..\USER\stm32f4xx.h(89): warning:  #47-D: incompatible redefinition of macro "STM32F40_41xxx"
compiling lcd.c...
..\USER\stm32f4xx.h(89): warning:  #47-D: incompatible redefinition of macro "STM32F40_41xxx"
compiling adc.c...
..\USER\stm32f4xx.h(89): warning:  #47-D: incompatible redefinition of macro "STM32F40_41xxx"
compiling delay.c...
..\USER\stm32f4xx.h(89): warning:  #47-D: incompatible redefinition of macro "STM32F40_41xxx"
compiling sys.c...
..\USER\stm32f4xx.h(89): warning:  #47-D: incompatible redefinition of macro "STM32F40_41xxx"
compiling usart.c...
..\USER\stm32f4xx.h(89): warning:  #47-D: incompatible redefinition of macro "STM32F40_41xxx"
assembling startup_stm32f40_41xxx.s...
compiling misc.c...
..\USER\stm32f4xx.h(89): warning:  #47-D: incompatible redefinition of macro "STM32F40_41xxx"
compiling stm32f4xx_adc.c...
..\USER\stm32f4xx.h(89): warning:  #47-D: incompatible redefinition of macro "STM32F40_41xxx"
compiling stm32f4xx_gpio.c...
..\USER\stm32f4xx.h(89): warning:  #47-D: incompatible redefinition of macro "STM32F40_41xxx"
compiling stm32f4xx_fsmc.c...
..\USER\stm32f4xx.h(89): warning:  #47-D: incompatible redefinition of macro "STM32F40_41xxx"
compiling stm32f4xx_rcc.c...
..\USER\stm32f4xx.h(89): warning:  #47-D: incompatible redefinition of macro "STM32F40_41xxx"
compiling stm32f4xx_usart.c...
..\USER\stm32f4xx.h(89): warning:  #47-D: incompatible redefinition of macro "STM32F40_41xxx"
compiling stm32f4xx_syscfg.c...
..\USER\stm32f4xx.h(89): warning:  #47-D: incompatible redefinition of macro "STM32F40_41xxx"
linking...
Program Size: Code=28262 RO-data=6574 RW-data=52 ZI-data=1852  
FromELF: creating hex file...
"..\OBJ\ADC.axf" - 0 Errors, 16 Warning(s).
Load "..\\OBJ\\ADC.axf" 
Erase Done.
Programming Done.
Verify OK.
Build target 'ADC'
compiling main.c...
..\USER\stm32f4xx.h(89): warning:  #47-D: incompatible redefinition of macro "STM32F40_41xxx"
linking...
Program Size: Code=28262 RO-data=6574 RW-data=52 ZI-data=1852  
FromELF: creating hex file...
"..\OBJ\ADC.axf" - 0 Errors, 1 Warning(s).
Build target 'ADC'
linking...
Program Size: Code=28262 RO-data=6574 RW-data=52 ZI-data=1852  
FromELF: creating hex file...
"..\OBJ\ADC.axf" - 0 Errors, 0 Warning(s).
Load "..\\OBJ\\ADC.axf" 
Erase Done.
Programming Done.
Verify OK.
