<html>
<body>
<pre>
<h1>µVision Build Log</h1>
<h2>Project:</h2>
D:\≤‚ ‘\STM32F4_GPIO\RVMDK\STM32F4_DEMO.uvproj
Project File Date:  12/03/2007

<h2>Output:</h2>
Rebuild target 'STM32F407-FLASH'
assembling startup_stm32f4xx.s...
compiling system_stm32f4xx.c...
compiling misc.c...
compiling stm32f4xx_gpio.c...
compiling stm32f4xx_rcc.c...
compiling main.c...
compiling stm32f4xx_it.c...
linking...
Program Size: Code=932 RO-data=408 RW-data=0 ZI-data=1632  
FromELF: creating hex file...
"..\Output\DEMO.axf" - 0 Error(s), 0 Warning(s).
