<html>
<body>
<pre>
<h1>礦ision Build Log</h1>
<h2>Project:</h2>
C:\Users\Ping\Desktop\STM32F407VET6资料\MCUDEV_F4XX标准例程-库函数版本\实验51 USB读卡器(Slave)实验\USER\USB_CardReader_SLAVE.uvproj
Project File Date:  09/02/2015

<h2>Output:</h2>
Load "..\\OBJ\\USB_CardReader_SLAVE.axf" 
Erase Done.
Programming Done.
Verify OK.
Build target 'USB_CardReader_SLAVE'
compiling usbd_storage_msd.c...
..\USER\stm32f4xx.h(89): warning:  #47-D: incompatible redefinition of macro "STM32F40_41xxx"
linking...
Program Size: Code=52390 RO-data=6670 RW-data=388 ZI-data=1129852  
FromELF: creating hex file...
"..\OBJ\USB_CardReader_SLAVE.axf" - 0 Errors, 1 Warning(s).
Build target 'USB_CardReader_SLAVE'
linking...
Program Size: Code=52390 RO-data=6670 RW-data=388 ZI-data=1129852  
FromELF: creating hex file...
"..\OBJ\USB_CardReader_SLAVE.axf" - 0 Errors, 0 Warning(s).
Load "..\\OBJ\\USB_CardReader_SLAVE.axf" 
Erase Done.
Programming Done.
Verify OK.
